Component: ARM Compiler 5.06 update 6 (build 750) Tool: armlink [4d35ed]

==============================================================================

Section Cross References

    startup_stm32f407xx.o(RESET) refers to startup_stm32f407xx.o(STACK) for __initial_sp
    startup_stm32f407xx.o(RESET) refers to startup_stm32f407xx.o(.text) for Reset_Handler
    startup_stm32f407xx.o(RESET) refers to stm32f4xx_it.o(i.NMI_Handler) for NMI_Handler
    startup_stm32f407xx.o(RESET) refers to stm32f4xx_it.o(i.HardFault_Handler) for HardFault_Handler
    startup_stm32f407xx.o(RESET) refers to stm32f4xx_it.o(i.MemManage_Handler) for MemManage_Handler
    startup_stm32f407xx.o(RESET) refers to stm32f4xx_it.o(i.BusFault_Handler) for BusFault_Handler
    startup_stm32f407xx.o(RESET) refers to stm32f4xx_it.o(i.UsageFault_Handler) for UsageFault_Handler
    startup_stm32f407xx.o(RESET) refers to port.o(.emb_text) for SVC_Handler
    startup_stm32f407xx.o(RESET) refers to stm32f4xx_it.o(i.DebugMon_Handler) for DebugMon_Handler
    startup_stm32f407xx.o(RESET) refers to delay.o(i.SysTick_Handler) for SysTick_Handler
    startup_stm32f407xx.o(RESET) refers to usmart_port.o(i.TIM4_IRQHandler) for TIM4_IRQHandler
    startup_stm32f407xx.o(RESET) refers to usart.o(i.USART1_IRQHandler) for USART1_IRQHandler
    startup_stm32f407xx.o(RESET) refers to ethernet.o(i.ETH_IRQHandler) for ETH_IRQHandler
    startup_stm32f407xx.o(.text) refers to system_stm32f4xx.o(i.SystemInit) for SystemInit
    startup_stm32f407xx.o(.text) refers to entry.o(.ARM.Collect$$$$00000000) for __main
    main.o(i.main) refers to stm32f4xx_hal.o(i.HAL_Init) for HAL_Init
    main.o(i.main) refers to sys.o(i.sys_stm32_clock_init) for sys_stm32_clock_init
    main.o(i.main) refers to delay.o(i.delay_init) for delay_init
    main.o(i.main) refers to usart.o(i.usart_init) for usart_init
    main.o(i.main) refers to led.o(i.led_init) for led_init
    main.o(i.main) refers to lcd.o(i.lcd_init) for lcd_init
    main.o(i.main) refers to key.o(i.key_init) for key_init
    main.o(i.main) refers to sram.o(i.sram_init) for sram_init
    main.o(i.main) refers to malloc.o(i.my_mem_init) for my_mem_init
    main.o(i.main) refers to freertos_demo.o(i.freertos_demo) for freertos_demo
    main.o(i.main) refers to usmart_config.o(.data) for usmart_dev
    system_stm32f4xx.o(i.SystemCoreClockUpdate) refers to system_stm32f4xx.o(.data) for SystemCoreClock
    system_stm32f4xx.o(i.SystemCoreClockUpdate) refers to system_stm32f4xx.o(.constdata) for AHBPrescTable
    freertos_demo.o(i.freertos_demo) refers to tasks.o(i.xTaskCreate) for xTaskCreate
    freertos_demo.o(i.freertos_demo) refers to tasks.o(i.vTaskStartScheduler) for vTaskStartScheduler
    freertos_demo.o(i.freertos_demo) refers to freertos_demo.o(.data) for StartTask_Handler
    freertos_demo.o(i.freertos_demo) refers to freertos_demo.o(i.start_task) for start_task
    freertos_demo.o(i.led_task) refers to stm32f4xx_hal_gpio.o(i.HAL_GPIO_TogglePin) for HAL_GPIO_TogglePin
    freertos_demo.o(i.led_task) refers to tasks.o(i.vTaskDelay) for vTaskDelay
    freertos_demo.o(i.lwip_demo_task) refers to stm32f4xx_hal_gpio.o(i.HAL_GPIO_TogglePin) for HAL_GPIO_TogglePin
    freertos_demo.o(i.lwip_demo_task) refers to tasks.o(i.vTaskDelay) for vTaskDelay
    freertos_demo.o(i.lwip_test_ui) refers to lcd.o(i.lcd_fill) for lcd_fill
    freertos_demo.o(i.lwip_test_ui) refers to lcd.o(i.lcd_show_string) for lcd_show_string
    freertos_demo.o(i.lwip_test_ui) refers to printf8.o(i.__0sprintf$8) for __2sprintf
    freertos_demo.o(i.lwip_test_ui) refers to ethernet.o(i.ethernet_chip_get_speed) for ethernet_chip_get_speed
    freertos_demo.o(i.lwip_test_ui) refers to lcd.o(.bss) for lcddev
    freertos_demo.o(i.lwip_test_ui) refers to lwip_comm.o(.bss) for g_lwipdev
    freertos_demo.o(i.start_task) refers to freertos_demo.o(i.lwip_test_ui) for lwip_test_ui
    freertos_demo.o(i.start_task) refers to lcd.o(i.lcd_show_string) for lcd_show_string
    freertos_demo.o(i.start_task) refers to delay.o(i.delay_ms) for delay_ms
    freertos_demo.o(i.start_task) refers to lcd.o(i.lcd_fill) for lcd_fill
    freertos_demo.o(i.start_task) refers to stm32f4xx_hal_gpio.o(i.HAL_GPIO_TogglePin) for HAL_GPIO_TogglePin
    freertos_demo.o(i.start_task) refers to lwip_comm.o(i.lwip_comm_init) for lwip_comm_init
    freertos_demo.o(i.start_task) refers to printf8.o(i.__0printf$8) for __2printf
    freertos_demo.o(i.start_task) refers to ethernet.o(i.ethernet_read_phy) for ethernet_read_phy
    freertos_demo.o(i.start_task) refers to tasks.o(i.vTaskDelay) for vTaskDelay
    freertos_demo.o(i.start_task) refers to port.o(i.vPortEnterCritical) for vPortEnterCritical
    freertos_demo.o(i.start_task) refers to tasks.o(i.xTaskCreate) for xTaskCreate
    freertos_demo.o(i.start_task) refers to tasks.o(i.vTaskDelete) for vTaskDelete
    freertos_demo.o(i.start_task) refers to port.o(i.vPortExitCritical) for vPortExitCritical
[...]
    sys_thread_new                           0x0800e549   Thumb Code    88  sys_arch.o(i.sys_thread_new)
    sys_timeout                              0x0800e5cd   Thumb Code    50  timeouts.o(i.sys_timeout)
    sys_timeouts_init                        0x0800e715   Thumb Code    30  timeouts.o(i.sys_timeouts_init)
    sys_timeouts_sleeptime                   0x0800e73d   Thumb Code    78  timeouts.o(i.sys_timeouts_sleeptime)
    tcp_abandon                              0x0800e7a5   Thumb Code   260  tcp.o(i.tcp_abandon)
    tcp_abort                                0x0800e909   Thumb Code    14  tcp.o(i.tcp_abort)
    tcp_alloc                                0x0800e919   Thumb Code   190  tcp.o(i.tcp_alloc)
    tcp_close                                0x0800e9e9   Thumb Code    58  tcp.o(i.tcp_close)
    tcp_eff_send_mss_netif                   0x0800edd9   Thumb Code    72  tcp.o(i.tcp_eff_send_mss_netif)
    tcp_enqueue_flags                        0x0800ee49   Thumb Code   372  tcp_out.o(i.tcp_enqueue_flags)
    tcp_fasttmr                              0x0800f089   Thumb Code   150  tcp.o(i.tcp_fasttmr)
    tcp_free                                 0x0800f12d   Thumb Code    34  tcp.o(i.tcp_free)
    tcp_init                                 0x0800f321   Thumb Code    20  tcp.o(i.tcp_init)
    tcp_input                                0x0800f339   Thumb Code  1878  tcp_in.o(i.tcp_input)
    tcp_keepalive                            0x0800fb5d   Thumb Code   112  tcp_out.o(i.tcp_keepalive)
    tcp_netif_ip_addr_changed                0x0800ff0d   Thumb Code    64  tcp.o(i.tcp_netif_ip_addr_changed)
    tcp_next_iss                             0x0800ffcd   Thumb Code    40  tcp.o(i.tcp_next_iss)
    tcp_output                               0x08010019   Thumb Code   674  tcp_out.o(i.tcp_output)
    tcp_pcb_purge                            0x080108a1   Thumb Code   108  tcp.o(i.tcp_pcb_purge)
    tcp_pcb_remove                           0x08010929   Thumb Code   184  tcp.o(i.tcp_pcb_remove)
    tcp_process_refused_data                 0x08011125   Thumb Code   180  tcp.o(i.tcp_process_refused_data)
    tcp_recv_null                            0x0801194d   Thumb Code    68  tcp.o(i.tcp_recv_null)
    tcp_recved                               0x080119ad   Thumb Code   124  tcp.o(i.tcp_recved)
    tcp_rexmit                               0x08011abd   Thumb Code   136  tcp_out.o(i.tcp_rexmit)
    tcp_rexmit_fast                          0x08011b5d   Thumb Code   140  tcp_out.o(i.tcp_rexmit_fast)
    tcp_rexmit_rto                           0x08011c09   Thumb Code    36  tcp_out.o(i.tcp_rexmit_rto)
    tcp_rexmit_rto_commit                    0x08011c49   Thumb Code    46  tcp_out.o(i.tcp_rexmit_rto_commit)
    tcp_rexmit_rto_prepare                   0x08011c9d   Thumb Code   158  tcp_out.o(i.tcp_rexmit_rto_prepare)
    tcp_rst                                  0x08011d81   Thumb Code   138  tcp_out.o(i.tcp_rst)
    tcp_seg_free                             0x08011e45   Thumb Code    26  tcp.o(i.tcp_seg_free)
    tcp_segs_free                            0x08011e5f   Thumb Code    24  tcp.o(i.tcp_segs_free)
    tcp_send_empty_ack                       0x08011e79   Thumb Code   192  tcp_out.o(i.tcp_send_empty_ack)
    tcp_send_fin                             0x08011f59   Thumb Code    94  tcp_out.o(i.tcp_send_fin)
    tcp_slowtmr                              0x08011fd5   Thumb Code  1532  tcp.o(i.tcp_slowtmr)
    tcp_split_unsent_seg                     0x0801265d   Thumb Code   492  tcp_out.o(i.tcp_split_unsent_seg)
    tcp_timer_needed                         0x080128bd   Thumb Code    38  timeouts.o(i.tcp_timer_needed)
    tcp_tmr                                  0x080129d1   Thumb Code    30  tcp.o(i.tcp_tmr)
    tcp_trigger_input_pcb_close              0x080129f5   Thumb Code    14  tcp_in.o(i.tcp_trigger_input_pcb_close)
    tcp_update_rcv_ann_wnd                   0x08012a09   Thumb Code   110  tcp.o(i.tcp_update_rcv_ann_wnd)
    tcp_zero_window_probe                    0x08012ab9   Thumb Code   252  tcp_out.o(i.tcp_zero_window_probe)
    tcpip_init                               0x08012bd9   Thumb Code    86  tcpip.o(i.tcpip_init)
    tcpip_inpkt                              0x08012c99   Thumb Code    86  tcpip.o(i.tcpip_inpkt)
    tcpip_input                              0x08012d05   Thumb Code    40  tcpip.o(i.tcpip_input)
    udp_bind                                 0x08012ec9   Thumb Code   198  udp.o(i.udp_bind)
    udp_connect                              0x08012fb1   Thumb Code   150  udp.o(i.udp_connect)
    udp_init                                 0x08013085   Thumb Code    20  udp.o(i.udp_init)
    udp_input                                0x0801309d   Thumb Code   442  udp.o(i.udp_input)
    udp_netif_ip_addr_changed                0x08013381   Thumb Code    42  udp.o(i.udp_netif_ip_addr_changed)
    udp_new                                  0x080133b1   Thumb Code    28  udp.o(i.udp_new)
    udp_recv                                 0x08013425   Thumb Code    34  udp.o(i.udp_recv)
    udp_remove                               0x08013461   Thumb Code    84  udp.o(i.udp_remove)
    udp_sendto                               0x080134d1   Thumb Code   142  udp.o(i.udp_sendto)
    udp_sendto_if                            0x080135b1   Thumb Code   162  udp.o(i.udp_sendto_if)
    udp_sendto_if_src                        0x080136cd   Thumb Code   362  udp.o(i.udp_sendto_if_src)
    usart_init                               0x08013915   Thumb Code    44  usart.o(i.usart_init)
    usmart_cmd_rec                           0x0801394d   Thumb Code   170  usmart.o(i.usmart_cmd_rec)
    usmart_exe                               0x080139fd   Thumb Code   632  usmart.o(i.usmart_exe)
    usmart_get_aparm                         0x08013cd1   Thumb Code   212  usmart_str.o(i.usmart_get_aparm)
    usmart_get_cmdname                       0x08013da5   Thumb Code    54  usmart_str.o(i.usmart_get_cmdname)
    usmart_get_fname                         0x08013ddd   Thumb Code   440  usmart_str.o(i.usmart_get_fname)
    usmart_get_fparam                        0x08013f9d   Thumb Code   262  usmart_str.o(i.usmart_get_fparam)
    usmart_get_input_string                  0x080140a9   Thumb Code    30  usmart_port.o(i.usmart_get_input_string)
    usmart_get_parmpos                       0x080140d1   Thumb Code    26  usmart_str.o(i.usmart_get_parmpos)
    usmart_init                              0x080140f1   Thumb Code    36  usmart.o(i.usmart_init)
    usmart_pow                               0x08014119   Thumb Code    22  usmart_str.o(i.usmart_pow)
    usmart_scan                              0x08014131   Thumb Code   106  usmart.o(i.usmart_scan)
    usmart_search_nextc                      0x080141d9   Thumb Code    22  usmart_str.o(i.usmart_search_nextc)
    usmart_str2num                           0x080141ef   Thumb Code   262  usmart_str.o(i.usmart_str2num)
    usmart_strcmp                            0x080142f5   Thumb Code    34  usmart_str.o(i.usmart_strcmp)
    usmart_strcopy                           0x08014317   Thumb Code    22  usmart_str.o(i.usmart_strcopy)
    usmart_strlen                            0x0801432d   Thumb Code    24  usmart_str.o(i.usmart_strlen)
    usmart_sys_cmd_exe                       0x08014345   Thumb Code  1570  usmart.o(i.usmart_sys_cmd_exe)
    usmart_timx_get_time                     0x08014a39   Thumb Code    58  usmart_port.o(i.usmart_timx_get_time)
    usmart_timx_init                         0x08014a7d   Thumb Code    88  usmart_port.o(i.usmart_timx_init)
    usmart_timx_reset_time                   0x08014ae1   Thumb Code    44  usmart_port.o(i.usmart_timx_reset_time)
    uxListRemove                             0x08014b15   Thumb Code    40  list.o(i.uxListRemove)
    vListInitialise                          0x08014b3d   Thumb Code    26  list.o(i.vListInitialise)
    vListInitialiseItem                      0x08014b57   Thumb Code     6  list.o(i.vListInitialiseItem)
    vListInsert                              0x08014b5d   Thumb Code    52  list.o(i.vListInsert)
    vListInsertEnd                           0x08014b91   Thumb Code    24  list.o(i.vListInsertEnd)
    vPortEnterCritical                       0x08014ba9   Thumb Code    68  port.o(i.vPortEnterCritical)
    vPortExitCritical                        0x08014c41   Thumb Code    48  port.o(i.vPortExitCritical)
    vPortFree                                0x08014cc1   Thumb Code   130  heap_4.o(i.vPortFree)
    vPortSetupTimerInterrupt                 0x08014d99   Thumb Code    36  port.o(i.vPortSetupTimerInterrupt)
    vPortValidateInterruptPriority           0x08014dc1   Thumb Code    86  port.o(i.vPortValidateInterruptPriority)
    vQueueAddToRegistry                      0x08014e71   Thumb Code    84  queue.o(i.vQueueAddToRegistry)
    vQueueWaitForMessageRestricted           0x08014efd   Thumb Code    74  queue.o(i.vQueueWaitForMessageRestricted)
    vTaskDelay                               0x08014f49   Thumb Code    72  tasks.o(i.vTaskDelay)
    vTaskDelete                              0x08014fcd   Thumb Code   200  tasks.o(i.vTaskDelete)
    vTaskInternalSetTimeOutState             0x080150f1   Thumb Code    14  tasks.o(i.vTaskInternalSetTimeOutState)
    vTaskMissedYield                         0x08015109   Thumb Code     8  tasks.o(i.vTaskMissedYield)
    vTaskPlaceOnEventList                    0x08015115   Thumb Code    42  tasks.o(i.vTaskPlaceOnEventList)
    vTaskPlaceOnEventListRestricted          0x08015179   Thumb Code    84  tasks.o(i.vTaskPlaceOnEventListRestricted)
    vTaskPriorityDisinheritAfterTimeout      0x08015205   Thumb Code   248  tasks.o(i.vTaskPriorityDisinheritAfterTimeout)
    vTaskStartScheduler                      0x0801533d   Thumb Code   112  tasks.o(i.vTaskStartScheduler)
    vTaskSuspendAll                          0x08015401   Thumb Code    12  tasks.o(i.vTaskSuspendAll)
    vTaskSwitchContext                       0x08015411   Thumb Code   110  tasks.o(i.vTaskSwitchContext)
    write_addr                               0x080154c9   Thumb Code     4  usmart.o(i.write_addr)
    xPortStartScheduler                      0x080154cd   Thumb Code   322  port.o(i.xPortStartScheduler)
    xPortSysTickHandler                      0x08015679   Thumb Code    46  port.o(i.xPortSysTickHandler)
    xQueueCreateMutex                        0x080156ad   Thumb Code    34  queue.o(i.xQueueCreateMutex)
    xQueueGenericCreate                      0x080156d1   Thumb Code    92  queue.o(i.xQueueGenericCreate)
    xQueueGenericReset                       0x08015761   Thumb Code   194  queue.o(i.xQueueGenericReset)
    xQueueGenericSend                        0x0801585d   Thumb Code   426  queue.o(i.xQueueGenericSend)
    xQueueGiveFromISR                        0x08015a41   Thumb Code   240  queue.o(i.xQueueGiveFromISR)
    xQueueGiveMutexRecursive                 0x08015b65   Thumb Code    62  queue.o(i.xQueueGiveMutexRecursive)
    xQueueReceive                            0x08015bd9   Thumb Code   326  queue.o(i.xQueueReceive)
    xQueueSemaphoreTake                      0x08015d59   Thumb Code   394  queue.o(i.xQueueSemaphoreTake)
    xQueueTakeMutexRecursive                 0x08015f1d   Thumb Code    68  queue.o(i.xQueueTakeMutexRecursive)
    xTaskCheckForTimeOut                     0x08015f95   Thumb Code   140  tasks.o(i.xTaskCheckForTimeOut)
    xTaskCreate                              0x08016061   Thumb Code    96  tasks.o(i.xTaskCreate)
    xTaskGetCurrentTaskHandle                0x080160c1   Thumb Code     6  tasks.o(i.xTaskGetCurrentTaskHandle)
    xTaskGetSchedulerState                   0x080160cd   Thumb Code    24  tasks.o(i.xTaskGetSchedulerState)
    xTaskGetTickCount                        0x080160ed   Thumb Code     6  tasks.o(i.xTaskGetTickCount)
    xTaskIncrementTick                       0x080160f9   Thumb Code   390  tasks.o(i.xTaskIncrementTick)
    xTaskPriorityDisinherit                  0x080162e1   Thumb Code   206  tasks.o(i.xTaskPriorityDisinherit)
    xTaskPriorityInherit                     0x080163f1   Thumb Code   224  tasks.o(i.xTaskPriorityInherit)
    xTaskRemoveFromEventList                 0x080164dd   Thumb Code   254  tasks.o(i.xTaskRemoveFromEventList)
    xTaskResumeAll                           0x08016629   Thumb Code   328  tasks.o(i.xTaskResumeAll)
    xTimerCreateTimerTask                    0x080167c9   Thumb Code    56  timers.o(i.xTimerCreateTimerTask)
    AHBPrescTable                            0x08016848   Data          16  system_stm32f4xx.o(.constdata)
    APBPrescTable                            0x08016858   Data           8  system_stm32f4xx.o(.constdata)
    asc2_1206                                0x08016860   Data        1140  lcd.o(.constdata)
    asc2_1608                                0x08016cd4   Data        1520  lcd.o(.constdata)
    asc2_2412                                0x080172c4   Data        3420  lcd.o(.constdata)
    asc2_3216                                0x08018020   Data        6080  lcd.o(.constdata)
    memtblsize                               0x080197e0   Data          12  malloc.o(.constdata)
    memblksize                               0x080197ec   Data          12  malloc.o(.constdata)
    memsize                                  0x080197f8   Data          12  malloc.o(.constdata)
    memp_UDP_PCB                             0x08019804   Data          16  memp.o(.constdata)
    memp_TCP_PCB                             0x08019814   Data          16  memp.o(.constdata)
    memp_TCP_PCB_LISTEN                      0x08019824   Data          16  memp.o(.constdata)
    memp_TCP_SEG                             0x08019834   Data          16  memp.o(.constdata)
    memp_REASSDATA                           0x08019844   Data          16  memp.o(.constdata)
    memp_FRAG_PBUF                           0x08019854   Data          16  memp.o(.constdata)
    memp_NETBUF                              0x08019864   Data          16  memp.o(.constdata)
    memp_NETCONN                             0x08019874   Data          16  memp.o(.constdata)
    memp_TCPIP_MSG_API                       0x08019884   Data          16  memp.o(.constdata)
    memp_TCPIP_MSG_INPKT                     0x08019894   Data          16  memp.o(.constdata)
    memp_SYS_TIMEOUT                         0x080198a4   Data          16  memp.o(.constdata)
    memp_NETDB                               0x080198b4   Data          16  memp.o(.constdata)
    memp_PBUF                                0x080198c4   Data          16  memp.o(.constdata)
    memp_PBUF_POOL                           0x080198d4   Data          16  memp.o(.constdata)
    memp_pools                               0x080198e4   Data          56  memp.o(.constdata)
    tcp_pcb_lists                            0x0801995c   Data          16  tcp.o(.constdata)
    lwip_cyclic_timers                       0x0801996c   Data          48  timeouts.o(.constdata)
    lwip_num_cyclic_timers                   0x0801999c   Data           4  timeouts.o(.constdata)
    ip_addr_any                              0x080199a0   Data           4  ip4_addr.o(.constdata)
    ip_addr_broadcast                        0x080199a4   Data           4  ip4_addr.o(.constdata)
    ethbroadcast                             0x080199a8   Data           6  ethernet_1.o(.constdata)
    ethzero                                  0x080199ae   Data           6  ethernet_1.o(.constdata)
    Region$$Table$$Base                      0x08019cec   Number         0  anon$$obj.o(Region$$Table)
    Region$$Table$$Limit                     0x08019d0c   Number         0  anon$$obj.o(Region$$Table)
    SystemCoreClock                          0x20000000   Data           4  system_stm32f4xx.o(.data)
    StartTask_Handler                        0x20000004   Data           4  freertos_demo.o(.data)
    LWIP_Task_Handler                        0x20000008   Data           4  freertos_demo.o(.data)
    LEDTask_Handler                          0x2000000c   Data           4  freertos_demo.o(.data)
    __stdout                                 0x20000014   Data           4  usart.o(.data)
    g_usart_rx_sta                           0x20000018   Data           2  usart.o(.data)
    g_rx_buffer                              0x2000001a   Data           1  usart.o(.data)
    uwTick                                   0x2000001c   Data           4  stm32f4xx_hal.o(.data)
    uwTickPrio                               0x20000020   Data           4  stm32f4xx_hal.o(.data)
    uwTickFreq                               0x20000024   Data           1  stm32f4xx_hal.o(.data)
    g_point_color                            0x20000028   Data           4  lcd.o(.data)
    g_back_color                             0x2000002c   Data           4  lcd.o(.data)
    g_eth_dma_rx_dscr_tab                    0x20000030   Data           4  ethernet.o(.data)
    g_eth_dma_tx_dscr_tab                    0x20000034   Data           4  ethernet.o(.data)
    g_eth_rx_buf                             0x20000038   Data           4  ethernet.o(.data)
    g_eth_tx_buf                             0x2000003c   Data           4  ethernet.o(.data)
    sys_cmd_tab                              0x20000040   Data          28  usmart.o(.data)
    usmart_nametab                           0x2000005c   Data          48  usmart_config.o(.data)
    usmart_dev                               0x2000008c   Data         244  usmart_config.o(.data)
    mallco_dev                               0x20000180   Data          36  malloc.o(.data)
    lock_tcpip_core                          0x200001b0   Data           4  tcpip.o(.data)
    netif_list                               0x20000208   Data           4  netif.o(.data)
    netif_default                            0x2000020c   Data           4  netif.o(.data)
    tcp_ticks                                0x20000218   Data           4  tcp.o(.data)
    tcp_bound_pcbs                           0x2000021c   Data           4  tcp.o(.data)
    tcp_listen_pcbs                          0x20000220   Data           4  tcp.o(.data)
    tcp_active_pcbs                          0x20000224   Data           4  tcp.o(.data)
    tcp_tw_pcbs                              0x20000228   Data           4  tcp.o(.data)
    tcp_active_pcbs_changed                  0x2000022c   Data           1  tcp.o(.data)
    tcp_input_pcb                            0x20000258   Data           4  tcp_in.o(.data)
    udp_pcbs                                 0x2000026c   Data           4  udp.o(.data)
    g_rx_semaphore                           0x2000028c   Data           4  ethernetif.o(.data)
    g_lwip_dhcp_state                        0x20000290   Data           1  lwip_comm.o(.data)
    pxCurrentTCB                             0x20000294   Data           4  tasks.o(.data)
    uxTopUsedPriority                        0x200002cc   Data           4  tasks.o(.data)
    g_usart_rx_buf                           0x20000318   Data         200  usart.o(.bss)
    g_uart1_handle                           0x200003e0   Data          68  usart.o(.bss)
    g_sram_handle                            0x20000424   Data          80  lcd.o(.bss)
    lcddev                                   0x20000474   Data          14  lcd.o(.bss)
    g_sram_handler                           0x20000484   Data          80  sram.o(.bss)
    g_eth_handler                            0x200004d4   Data          72  ethernet.o(.bss)
    g_timx_usmart_handle                     0x2000051c   Data          72  usmart_port.o(.bss)
    ip_data                                  0x20008980   Data          24  ip.o(.bss)
    ram_heap                                 0x20008998   Data       25619  mem.o(.bss)
    memp_memory_UDP_PCB_base                 0x2000edab   Data         131  memp.o(.bss)
    memp_memory_TCP_PCB_base                 0x2000ee2e   Data         611  memp.o(.bss)
    memp_memory_TCP_PCB_LISTEN_base          0x2000f091   Data          59  memp.o(.bss)
    memp_memory_TCP_SEG_base                 0x2000f0cc   Data        2403  memp.o(.bss)
    memp_memory_REASSDATA_base               0x2000fa2f   Data         163  memp.o(.bss)
    memp_memory_FRAG_PBUF_base               0x2000fad2   Data         363  memp.o(.bss)
    memp_memory_NETBUF_base                  0x2000fc3d   Data          35  memp.o(.bss)
    memp_memory_NETCONN_base                 0x2000fc60   Data         179  memp.o(.bss)
    memp_memory_TCPIP_MSG_API_base           0x2000fd13   Data         131  memp.o(.bss)
    memp_memory_TCPIP_MSG_INPKT_base         0x2000fd96   Data         131  memp.o(.bss)
    memp_memory_SYS_TIMEOUT_base             0x2000fe19   Data          99  memp.o(.bss)
    memp_memory_NETDB_base                   0x2000fe7c   Data         311  memp.o(.bss)
    memp_memory_PBUF_base                    0x2000ffb3   Data         243  memp.o(.bss)
    memp_memory_PBUF_POOL_base               0x200100a6   Data       30643  memp.o(.bss)
    dhcp_rx_options_val                      0x20017870   Data          40  dhcp.o(.bss)
    dhcp_rx_options_given                    0x20017898   Data          10  dhcp.o(.bss)
    g_lwipdev                                0x200179a4   Data          28  lwip_comm.o(.bss)
    g_lwip_netif                             0x200179c0   Data          56  lwip_comm.o(.bss)
    xQueueRegistry                           0x200179f8   Data          64  queue.o(.bss)
    __initial_sp                             0x2001f948   Data           0  startup_stm32f407xx.o(STACK)



==============================================================================

Memory Map of the image

  Image Entry point : 0x08000189

  Load Region LR_IROM1 (Base: 0x08000000, Size: 0x0001a024, Max: 0x00100000, ABSOLUTE, COMPRESSED[0x00019da4])

    Execution Region ER_IROM1 (Exec base: 0x08000000, Load base: 0x08000000, Size: 0x00019d0c, Max: 0x00100000, ABSOLUTE)

    Exec Addr    Load Addr    Size         Type   Attr      Idx    E Section Name        Object

    0x08000000   0x08000000   0x00000188   Data   RO            3    RESET               startup_stm32f407xx.o
    0x08000188   0x08000188   0x00000000   Code   RO        10373  * .ARM.Collect$$$$00000000  mc_w.l(entry.o)
    0x08000188   0x08000188   0x00000004   Code   RO        10702    .ARM.Collect$$$$00000001  mc_w.l(entry2.o)
    0x0800018c   0x0800018c   0x00000004   Code   RO        10705    .ARM.Collect$$$$00000004  mc_w.l(entry5.o)
    0x08000190   0x08000190   0x00000000   Code   RO        10707    .ARM.Collect$$$$00000008  mc_w.l(entry7b.o)
    0x08000190   0x08000190   0x00000000   Code   RO        10709    .ARM.Collect$$$$0000000A  mc_w.l(entry8b.o)
    0x08000190   0x08000190   0x00000008   Code   RO        10710    .ARM.Collect$$$$0000000B  mc_w.l(entry9a.o)
    0x08000198   0x08000198   0x00000000   Code   RO        10712    .ARM.Collect$$$$0000000D  mc_w.l(entry10a.o)
    0x08000198   0x08000198   0x00000000   Code   RO        10714    .ARM.Collect$$$$0000000F  mc_w.l(entry11a.o)
    0x08000198   0x08000198   0x00000004   Code   RO        10703    .ARM.Collect$$$$00002712  mc_w.l(entry2.o)
    0x0800019c   0x0800019c   0x000000be   Code   RO        10287    .emb_text           port.o
    0x0800025a   0x0800025a   0x00000002   PAD
    0x0800025c   0x0800025c   0x00000034   Code   RO            4    .text               startup_stm32f407xx.o
    0x08000290   0x08000290   0x00000062   Code   RO        10376    .text               mc_w.l(uldiv.o)
    0x080002f2   0x080002f2   0x00000002   PAD
    0x080002f4   0x080002f4   0x00000024   Code   RO        10408    .text               mc_w.l(rand.o)
    0x08000318   0x08000318   0x00000040   Code   RO        10413    .text               mc_w.l(memmovea.o)
    0x08000358   0x08000358   0x00000024   Code   RO        10417    .text               mc_w.l(memseta.o)
    0x0800037c   0x0800037c   0x0000000e   Code   RO        10421    .text               mc_w.l(strlen.o)
    0x0800038a   0x0800038a   0x0000001a   Code   RO        10423    .text               mc_w.l(memcmp.o)
    0x080003a4   0x080003a4   0x000000e4   Code   RO        10696    .text               mf_w.l(dmul.o)
    0x08000488   0x08000488   0x0000001a   Code   RO        10698    .text               mf_w.l(dfltui.o)
    0x080004a2   0x080004a2   0x00000032   Code   RO        10700    .text               mf_w.l(dfixui.o)
    0x080004d4   0x080004d4   0x0000001e   Code   RO        10718    .text               mc_w.l(llshl.o)
    0x080004f2   0x080004f2   0x00000020   Code   RO        10720    .text               mc_w.l(llushr.o)
    0x08000512   0x08000512   0x00000000   Code   RO        10731    .text               mc_w.l(iusefp.o)
    0x08000512   0x08000512   0x000000ba   Code   RO        10732    .text               mf_w.l(depilogue.o)
    0x080005cc   0x080005cc   0x00000024   Code   RO        10742    .text               mc_w.l(init.o)
    0x080005f0   0x080005f0   0x00000056   Code   RO        10758    .text               mc_w.l(__dczerorl2.o)
    0x08000646   0x08000646   0x00000004   Code   RO          326    i.BusFault_Handler  stm32f4xx_it.o
    0x0800064a   0x0800064a   0x00000002   Code   RO          327    i.DebugMon_Handler  stm32f4xx_it.o
    0x0800064c   0x0800064c   0x00000016   Code   RO         3816    i.ETH_DMAReceptionDisable  stm32f4xx_hal_eth.o
    0x08000662   0x08000662   0x00000016   Code   RO         3817    i.ETH_DMAReceptionEnable  stm32f4xx_hal_eth.o
    0x08000678   0x08000678   0x00000016   Code   RO         3818    i.ETH_DMATransmissionDisable  stm32f4xx_hal_eth.o
    0x0800068e   0x0800068e   0x00000016   Code   RO         3819    i.ETH_DMATransmissionEnable  stm32f4xx_hal_eth.o
    0x080006a4   0x080006a4   0x00000028   Code   RO         3820    i.ETH_Delay         stm32f4xx_hal_eth.o
    0x080006cc   0x080006cc   0x00000038   Code   RO         3821    i.ETH_FlushTransmitFIFO  stm32f4xx_hal_eth.o
    0x08000704   0x08000704   0x00000030   Code   RO         4372    i.ETH_IRQHandler    ethernet.o
    0x08000734   0x08000734   0x00000034   Code   RO         3822    i.ETH_MACAddressConfig  stm32f4xx_hal_eth.o
    0x08000768   0x08000768   0x00000244   Code   RO         3823    i.ETH_MACDMAConfig  stm32f4xx_hal_eth.o
    0x080009ac   0x080009ac   0x00000028   Code   RO         3824    i.ETH_MACReceptionDisable  stm32f4xx_hal_eth.o
    0x080009d4   0x080009d4   0x00000028   Code   RO         3825    i.ETH_MACReceptionEnable  stm32f4xx_hal_eth.o
    0x080009fc   0x080009fc   0x00000028   Code   RO         3826    i.ETH_MACTransmissionDisable  stm32f4xx_hal_eth.o
    0x08000a24   0x08000a24   0x00000028   Code   RO         3827    i.ETH_MACTransmissionEnable  stm32f4xx_hal_eth.o
    0x08000a4c   0x08000a4c   0x00000048   Code   RO         3369    i.FSMC_NORSRAM_Extended_Timing_Init  stm32f4xx_ll_fsmc.o
    0x08000a94   0x08000a94   0x0000005c   Code   RO         3370    i.FSMC_NORSRAM_Init  stm32f4xx_ll_fsmc.o
    0x08000af0   0x08000af0   0x00000044   Code   RO         3371    i.FSMC_NORSRAM_Timing_Init  stm32f4xx_ll_fsmc.o
    0x08000b34   0x08000b34   0x000000aa   Code   RO         3490    i.HAL_DMA_Abort     stm32f4xx_hal_dma.o
    0x08000bde   0x08000bde   0x00000028   Code   RO         3491    i.HAL_DMA_Abort_IT  stm32f4xx_hal_dma.o
    0x08000c06   0x08000c06   0x00000002   PAD
    0x08000c08   0x08000c08   0x00000028   Code   RO          868    i.HAL_Delay         stm32f4xx_hal.o
    0x08000c30   0x08000c30   0x0000008c   Code   RO         3830    i.HAL_ETH_DMARxDescListInit  stm32f4xx_hal_eth.o
    0x08000cbc   0x08000cbc   0x00000084   Code   RO         3831    i.HAL_ETH_DMATxDescListInit  stm32f4xx_hal_eth.o
    0x08000d40   0x08000d40   0x000000b2   Code   RO         3834    i.HAL_ETH_GetReceivedFrame  stm32f4xx_hal_eth.o
    0x08000df2   0x08000df2   0x00000002   PAD
    0x08000df4   0x08000df4   0x000002a0   Code   RO         3838    i.HAL_ETH_Init      stm32f4xx_hal_eth.o
    0x08001094   0x08001094   0x0000029c   Code   RO         4373    i.HAL_ETH_MspInit   ethernet.o
    0x08001330   0x08001330   0x00000092   Code   RO         3841    i.HAL_ETH_ReadPHYRegister  stm32f4xx_hal_eth.o
    0x080013c2   0x080013c2   0x00000052   Code   RO         3843    i.HAL_ETH_Start     stm32f4xx_hal_eth.o
    0x08001414   0x08001414   0x00000052   Code   RO         3844    i.HAL_ETH_Stop      stm32f4xx_hal_eth.o
    0x08001466   0x08001466   0x0000013e   Code   RO         3845    i.HAL_ETH_TransmitFrame  stm32f4xx_hal_eth.o
    0x080015a4   0x080015a4   0x00000090   Code   RO         3847    i.HAL_ETH_WritePHYRegister  stm32f4xx_hal_eth.o
    0x08001634   0x08001634   0x00000204   Code   RO         1190    i.HAL_GPIO_Init     stm32f4xx_hal_gpio.o
    0x08001838   0x08001838   0x00000014   Code   RO         1193    i.HAL_GPIO_TogglePin  stm32f4xx_hal_gpio.o
    0x0800184c   0x0800184c   0x0000000c   Code   RO         1194    i.HAL_GPIO_WritePin  stm32f4xx_hal_gpio.o
    0x08001858   0x08001858   0x0000000c   Code   RO          873    i.HAL_GetREVID      stm32f4xx_hal.o
    0x08001864   0x08001864   0x0000000c   Code   RO          874    i.HAL_GetTick       stm32f4xx_hal.o
    0x08001870   0x08001870   0x00000018   Code   RO          880    i.HAL_IncTick       stm32f4xx_hal.o
    0x08001888   0x08001888   0x0000003c   Code   RO          881    i.HAL_Init          stm32f4xx_hal.o
    0x080018c4   0x080018c4   0x0000004c   Code   RO          882    i.HAL_InitTick      stm32f4xx_hal.o
    0x08001910   0x08001910   0x00000002   Code   RO          884    i.HAL_MspInit       stm32f4xx_hal.o
    0x08001912   0x08001912   0x00000020   Code   RO         1052    i.HAL_NVIC_EnableIRQ  stm32f4xx_hal_cortex.o
    0x08001932   0x08001932   0x0000007c   Code   RO         1058    i.HAL_NVIC_SetPriority  stm32f4xx_hal_cortex.o
    0x080019ae   0x080019ae   0x00000002   PAD
    0x080019b0   0x080019b0   0x00000028   Code   RO         1059    i.HAL_NVIC_SetPriorityGrouping  stm32f4xx_hal_cortex.o
    0x080019d8   0x080019d8   0x00000184   Code   RO         1254    i.HAL_RCC_ClockConfig  stm32f4xx_hal_rcc.o
    0x08001b5c   0x08001b5c   0x0000000c   Code   RO         1259    i.HAL_RCC_GetHCLKFreq  stm32f4xx_hal_rcc.o
    0x08001b68   0x08001b68   0x00000020   Code   RO         1261    i.HAL_RCC_GetPCLK1Freq  stm32f4xx_hal_rcc.o
    0x08001b88   0x08001b88   0x00000020   Code   RO         1262    i.HAL_RCC_GetPCLK2Freq  stm32f4xx_hal_rcc.o
    0x08001ba8   0x08001ba8   0x000000b0   Code   RO         1263    i.HAL_RCC_GetSysClockFreq  stm32f4xx_hal_rcc.o
    0x08001c58   0x08001c58   0x0000049c   Code   RO         1266    i.HAL_RCC_OscConfig  stm32f4xx_hal_rcc.o
    0x080020f4   0x080020f4   0x00000058   Code   RO         3245    i.HAL_SRAM_Init     stm32f4xx_hal_sram.o
    0x0800214c   0x0800214c   0x000000a4   Code   RO         4038    i.HAL_SRAM_MspInit  lcd.o
    0x080021f0   0x080021f0   0x00000028   Code   RO         1061    i.HAL_SYSTICK_CLKSourceConfig  stm32f4xx_hal_cortex.o
    0x08002218   0x08002218   0x00000034   Code   RO         1063    i.HAL_SYSTICK_Config  stm32f4xx_hal_cortex.o
    0x0800224c   0x0800224c   0x00000066   Code   RO         2259    i.HAL_TIM_Base_Init  stm32f4xx_hal_tim.o
    0x080022b2   0x080022b2   0x00000002   Code   RO         2261    i.HAL_TIM_Base_MspInit  stm32f4xx_hal_tim.o
    0x080022b4   0x080022b4   0x000000a8   Code   RO         2264    i.HAL_TIM_Base_Start_IT  stm32f4xx_hal_tim.o
    0x0800235c   0x0800235c   0x00000002   Code   RO         1860    i.HAL_UARTEx_RxEventCallback  stm32f4xx_hal_uart.o
    0x0800235e   0x0800235e   0x00000002   Code   RO         1874    i.HAL_UART_ErrorCallback  stm32f4xx_hal_uart.o
    0x08002360   0x08002360   0x00000014   Code   RO         1876    i.HAL_UART_GetState  stm32f4xx_hal_uart.o
    0x08002374   0x08002374   0x00000250   Code   RO         1877    i.HAL_UART_IRQHandler  stm32f4xx_hal_uart.o
    0x080025c4   0x080025c4   0x00000072   Code   RO         1878    i.HAL_UART_Init     stm32f4xx_hal_uart.o
    0x08002636   0x08002636   0x00000002   PAD
    0x08002638   0x08002638   0x000000cc   Code   RO          784    i.HAL_UART_MspInit  usart.o
    0x08002704   0x08002704   0x00000042   Code   RO         1883    i.HAL_UART_Receive_IT  stm32f4xx_hal_uart.o
    0x08002746   0x08002746   0x00000002   PAD
    0x08002748   0x08002748   0x00000088   Code   RO          785    i.HAL_UART_RxCpltCallback  usart.o
    0x080027d0   0x080027d0   0x00000002   Code   RO         1889    i.HAL_UART_TxCpltCallback  stm32f4xx_hal_uart.o
    0x080027d2   0x080027d2   0x00000004   Code   RO          328    i.HardFault_Handler  stm32f4xx_it.o
    0x080027d6   0x080027d6   0x00000004   Code   RO          329    i.MemManage_Handler  stm32f4xx_it.o
    0x080027da   0x080027da   0x00000002   Code   RO          330    i.NMI_Handler       stm32f4xx_it.o
    0x080027dc   0x080027dc   0x00000014   Code   RO          667    i.SysTick_Handler   delay.o
    0x080027f0   0x080027f0   0x00000014   Code   RO          542    i.SystemInit        system_stm32f4xx.o
    0x08002804   0x08002804   0x00000044   Code   RO         4547    i.TIM4_IRQHandler   usmart_port.o
    0x08002848   0x08002848   0x000000d8   Code   RO         2352    i.TIM_Base_SetConfig  stm32f4xx_hal_tim.o
    0x08002920   0x08002920   0x00000014   Code   RO         1891    i.UART_DMAAbortOnError  stm32f4xx_hal_uart.o
    0x08002934   0x08002934   0x00000036   Code   RO         1901    i.UART_EndRxTransfer  stm32f4xx_hal_uart.o
    0x0800296a   0x0800296a   0x00000020   Code   RO         1902    i.UART_EndTransmit_IT  stm32f4xx_hal_uart.o
    0x0800298a   0x0800298a   0x000000be   Code   RO         1904    i.UART_Receive_IT   stm32f4xx_hal_uart.o
    0x08002a48   0x08002a48   0x0000022c   Code   RO         1905    i.UART_SetConfig    stm32f4xx_hal_uart.o
    0x08002c74   0x08002c74   0x00000046   Code   RO         1907    i.UART_Start_Receive_IT  stm32f4xx_hal_uart.o
    0x08002cba   0x08002cba   0x00000060   Code   RO         1908    i.UART_Transmit_IT  stm32f4xx_hal_uart.o
    0x08002d1a   0x08002d1a   0x00000002   PAD
    0x08002d1c   0x08002d1c   0x00000050   Code   RO          786    i.USART1_IRQHandler  usart.o
    0x08002d6c   0x08002d6c   0x00000004   Code   RO          331    i.UsageFault_Handler  stm32f4xx_it.o
    0x08002d70   0x08002d70   0x00000020   Code   RO        10640    i.__0printf$8       mc_w.l(printf8.o)
    0x08002d90   0x08002d90   0x00000028   Code   RO        10642    i.__0sprintf$8      mc_w.l(printf8.o)
    0x08002db8   0x08002db8   0x00000010   Code   RO         1065    i.__NVIC_GetPriorityGrouping  stm32f4xx_hal_cortex.o
    0x08002dc8   0x08002dc8   0x00000028   Code   RO         1066    i.__NVIC_SetPriority  stm32f4xx_hal_cortex.o
    0x08002df0   0x08002df0   0x0000000e   Code   RO        10752    i.__scatterload_copy  mc_w.l(handlers.o)
    0x08002dfe   0x08002dfe   0x00000002   Code   RO        10753    i.__scatterload_null  mc_w.l(handlers.o)
    0x08002e00   0x08002e00   0x0000000e   Code   RO        10754    i.__scatterload_zeroinit  mc_w.l(handlers.o)
    0x08002e0e   0x08002e0e   0x00000002   PAD
    0x08002e10   0x08002e10   0x00000410   Code   RO        10647    i._printf_core      mc_w.l(printf8.o)
    0x08003220   0x08003220   0x00000024   Code   RO        10648    i._printf_post_padding  mc_w.l(printf8.o)
    0x08003244   0x08003244   0x0000002e   Code   RO        10649    i._printf_pre_padding  mc_w.l(printf8.o)
    0x08003272   0x08003272   0x0000000a   Code   RO        10651    i._sputc            mc_w.l(printf8.o)
    0x0800327c   0x0800327c   0x00000038   Code   RO          668    i.delay_init        delay.o
    0x080032b4   0x080032b4   0x00000018   Code   RO          669    i.delay_ms          delay.o
    0x080032cc   0x080032cc   0x00000048   Code   RO          670    i.delay_us          delay.o
    0x08003314   0x08003314   0x00000050   Code   RO         7959    i.dhcp_arp_reply    dhcp.o
    0x08003364   0x08003364   0x00000150   Code   RO         7960    i.dhcp_bind         dhcp.o
    0x080034b4   0x080034b4   0x0000004c   Code   RO         7961    i.dhcp_check        dhcp.o
    0x08003500   0x08003500   0x00000078   Code   RO         7963    i.dhcp_coarse_tmr   dhcp.o
    0x08003578   0x08003578   0x000001ac   Code   RO         7964    i.dhcp_create_msg   dhcp.o
    0x08003724   0x08003724   0x00000064   Code   RO         7965    i.dhcp_dec_pcb_refcount  dhcp.o
    0x08003788   0x08003788   0x000000c0   Code   RO         7966    i.dhcp_decline      dhcp.o
    0x08003848   0x08003848   0x0000011c   Code   RO         7967    i.dhcp_discover     dhcp.o
    0x08003964   0x08003964   0x0000003c   Code   RO         7968    i.dhcp_fine_tmr     dhcp.o
    0x080039a0   0x080039a0   0x000000b0   Code   RO         7969    i.dhcp_handle_ack   dhcp.o
    0x08003a50   0x08003a50   0x0000002c   Code   RO         7970    i.dhcp_handle_nak   dhcp.o
    0x08003a7c   0x08003a7c   0x00000044   Code   RO         7971    i.dhcp_handle_offer  dhcp.o
    0x08003ac0   0x08003ac0   0x000000ac   Code   RO         7972    i.dhcp_inc_pcb_refcount  dhcp.o
    0x08003b6c   0x08003b6c   0x00000074   Code   RO         7974    i.dhcp_network_changed  dhcp.o
    0x08003be0   0x08003be0   0x0000003c   Code   RO         7975    i.dhcp_option       dhcp.o
    0x08003c1c   0x08003c1c   0x00000060   Code   RO         7976    i.dhcp_option_byte  dhcp.o
    0x08003c7c   0x08003c7c   0x00000088   Code   RO         7977    i.dhcp_option_long  dhcp.o
    0x08003d04   0x08003d04   0x00000070   Code   RO         7978    i.dhcp_option_short  dhcp.o
    0x08003d74   0x08003d74   0x0000003a   Code   RO         7979    i.dhcp_option_trailer  dhcp.o
    0x08003dae   0x08003dae   0x00000002   PAD
    0x08003db0   0x08003db0   0x000003a8   Code   RO         7980    i.dhcp_parse_reply  dhcp.o
    0x08004158   0x08004158   0x00000104   Code   RO         7981    i.dhcp_rebind       dhcp.o
    0x0800425c   0x0800425c   0x00000128   Code   RO         7982    i.dhcp_reboot       dhcp.o
    0x08004384   0x08004384   0x0000015c   Code   RO         7983    i.dhcp_recv         dhcp.o
    0x080044e0   0x080044e0   0x000000e0   Code   RO         7985    i.dhcp_release_and_stop  dhcp.o
    0x080045c0   0x080045c0   0x00000100   Code   RO         7986    i.dhcp_renew        dhcp.o
    0x080046c0   0x080046c0   0x000001cc   Code   RO         7987    i.dhcp_select       dhcp.o
    0x0800488c   0x0800488c   0x00000010   Code   RO         7988    i.dhcp_set_state    dhcp.o
    0x0800489c   0x0800489c   0x000000fc   Code   RO         7990    i.dhcp_start        dhcp.o
    0x08004998   0x08004998   0x00000028   Code   RO         7992    i.dhcp_supplied_address  dhcp.o
    0x080049c0   0x080049c0   0x0000004a   Code   RO         7993    i.dhcp_t1_timeout   dhcp.o
    0x08004a0a   0x08004a0a   0x00000050   Code   RO         7994    i.dhcp_t2_timeout   dhcp.o
    0x08004a5a   0x08004a5a   0x00000088   Code   RO         7995    i.dhcp_timeout      dhcp.o
    0x08004ae2   0x08004ae2   0x00000002   PAD
    0x08004ae4   0x08004ae4   0x00000024   Code   RO         6180    i.dns_backupserver_available  dns.o
    0x08004b08   0x08004b08   0x00000108   Code   RO         6181    i.dns_call_found    dns.o
    0x08004c10   0x08004c10   0x00000016   Code   RO         6182    i.dns_check_entries  dns.o
    0x08004c26   0x08004c26   0x00000002   PAD
    0x08004c28   0x08004c28   0x0000011c   Code   RO         6183    i.dns_check_entry   dns.o
    0x08004d44   0x08004d44   0x00000040   Code   RO         6186    i.dns_create_txid   dns.o
    0x08004d84   0x08004d84   0x0000000e   Code   RO         6191    i.dns_init          dns.o
    0x08004d92   0x08004d92   0x00000002   PAD
    0x08004d94   0x08004d94   0x00000188   Code   RO         6194    i.dns_send          dns.o
    0x08004f1c   0x08004f1c   0x00000024   Code   RO         6195    i.dns_setserver     dns.o
    0x08004f40   0x08004f40   0x0000000c   Code   RO         6197    i.dns_tmr           dns.o
    0x08004f4c   0x08004f4c   0x00000058   Code   RO         6577    i.do_memp_free_pool  memp.o
    0x08004fa4   0x08004fa4   0x00000068   Code   RO         6578    i.do_memp_malloc_pool  memp.o
    0x0800500c   0x0800500c   0x00000038   Code   RO         8186    i.etharp_cleanup_netif  etharp.o
    0x08005044   0x08005044   0x00000290   Code   RO         8188    i.etharp_find_entry  etharp.o
    0x080052d4   0x080052d4   0x00000078   Code   RO         8189    i.etharp_free_entry  etharp.o
    0x0800534c   0x0800534c   0x000000f4   Code   RO         8191    i.etharp_input      etharp.o
    0x08005440   0x08005440   0x000001a8   Code   RO         8192    i.etharp_output     etharp.o
    0x080055e8   0x080055e8   0x00000100   Code   RO         8193    i.etharp_output_to_arp_index  etharp.o
    0x080056e8   0x080056e8   0x00000268   Code   RO         8194    i.etharp_query      etharp.o
    0x08005950   0x08005950   0x00000118   Code   RO         8195    i.etharp_raw        etharp.o
    0x08005a68   0x08005a68   0x0000001c   Code   RO         8196    i.etharp_request    etharp.o
    0x08005a84   0x08005a84   0x0000002c   Code   RO         8197    i.etharp_request_dst  etharp.o
    0x08005ab0   0x08005ab0   0x000000e4   Code   RO         8198    i.etharp_tmr        etharp.o
    0x08005b94   0x08005b94   0x00000100   Code   RO         8199    i.etharp_update_arp_entry  etharp.o
    0x08005c94   0x08005c94   0x00000014   Code   RO         4374    i.ethernet_chip_get_speed  ethernet.o
    0x08005ca8   0x08005ca8   0x00000024   Code   RO         4375    i.ethernet_get_eth_rx_size  ethernet.o
    0x08005ccc   0x08005ccc   0x00000074   Code   RO         4376    i.ethernet_init     ethernet.o
    0x08005d40   0x08005d40   0x000000d8   Code   RO         8555    i.ethernet_input    ethernet_1.o
    0x08005e18   0x08005e18   0x00000074   Code   RO         4378    i.ethernet_mem_malloc  ethernet.o
    0x08005e8c   0x08005e8c   0x000000a4   Code   RO         8556    i.ethernet_output   ethernet_1.o
    0x08005f30   0x08005f30   0x00000018   Code   RO         4379    i.ethernet_read_phy  ethernet.o
    0x08005f48   0x08005f48   0x00000068   Code   RO         8594    i.ethernetif_init   ethernetif.o
    0x08005fb0   0x08005fb0   0x00000064   Code   RO         8595    i.ethernetif_input  ethernetif.o
    0x08006014   0x08006014   0x0000001c   Code   RO          790    i.fputc             usart.o
    0x08006030   0x08006030   0x00000030   Code   RO          578    i.freertos_demo     freertos_demo.o
    0x08006060   0x08006060   0x00000012   Code   RO         8289    i.icmp_dest_unreach  icmp.o
    0x08006072   0x08006072   0x00000002   PAD
    0x08006074   0x08006074   0x00000258   Code   RO         8290    i.icmp_input        icmp.o
    0x080062cc   0x080062cc   0x000000e0   Code   RO         8291    i.icmp_send_response  icmp.o
    0x080063ac   0x080063ac   0x00000012   Code   RO         8292    i.icmp_time_exceeded  icmp.o
    0x080063be   0x080063be   0x00000056   Code   RO         6326    i.inet_chksum_pbuf  inet_chksum.o
    0x08006414   0x08006414   0x0000004e   Code   RO         8406    i.ip4_addr_isbroadcast_u32  ip4_addr.o
    0x08006462   0x08006462   0x00000002   PAD
    0x08006464   0x08006464   0x00000250   Code   RO         8474    i.ip4_frag          ip4_frag.o
    0x080066b4   0x080066b4   0x00000208   Code   RO         8351    i.ip4_input         ip4.o
    0x080068bc   0x080068bc   0x0000003c   Code   RO         8352    i.ip4_input_accept  ip4.o
    0x080068f8   0x080068f8   0x00000036   Code   RO         8354    i.ip4_output_if     ip4.o
    0x0800692e   0x0800692e   0x00000002   PAD
    0x08006930   0x08006930   0x00000140   Code   RO         8355    i.ip4_output_if_src  ip4.o
    0x08006a70   0x08006a70   0x00000298   Code   RO         8475    i.ip4_reass         ip4_frag.o
    0x08006d08   0x08006d08   0x00000098   Code   RO         8356    i.ip4_route         ip4.o
    0x08006da0   0x08006da0   0x00000014   Code   RO         8409    i.ip4addr_ntoa      ip4_addr.o
    0x08006db4   0x08006db4   0x000000a8   Code   RO         8410    i.ip4addr_ntoa_r    ip4_addr.o
    0x08006e5c   0x08006e5c   0x0000000a   Code   RO         8476    i.ip_frag_alloc_pbuf_custom_ref  ip4_frag.o
    0x08006e66   0x08006e66   0x00000002   PAD
    0x08006e68   0x08006e68   0x0000002c   Code   RO         8477    i.ip_frag_free_pbuf_custom_ref  ip4_frag.o
    0x08006e94   0x08006e94   0x00000274   Code   RO         8478    i.ip_reass_chain_frag_into_datagram_and_validate  ip4_frag.o
    0x08007108   0x08007108   0x00000054   Code   RO         8479    i.ip_reass_dequeue_datagram  ip4_frag.o
    0x0800715c   0x0800715c   0x00000058   Code   RO         8480    i.ip_reass_enqueue_new_datagram  ip4_frag.o
    0x080071b4   0x080071b4   0x0000015c   Code   RO         8481    i.ip_reass_free_complete_datagram  ip4_frag.o
    0x08007310   0x08007310   0x00000088   Code   RO         8482    i.ip_reass_remove_oldest_datagram  ip4_frag.o
    0x08007398   0x08007398   0x0000003c   Code   RO         8483    i.ip_reass_tmr      ip4_frag.o
    0x080073d4   0x080073d4   0x00000054   Code   RO         8484    i.ipfrag_free_pbuf_custom  ip4_frag.o
    0x08007428   0x08007428   0x000000fc   Code   RO         4287    i.key_init          key.o
    0x08007524   0x08007524   0x00000034   Code   RO         4039    i.lcd_clear         lcd.o
    0x08007558   0x08007558   0x00000130   Code   RO         4041    i.lcd_display_dir   lcd.o
    0x08007688   0x08007688   0x00000020   Code   RO         4047    i.lcd_draw_point    lcd.o
    0x080076a8   0x080076a8   0x0000022c   Code   RO         4049    i.lcd_ex_ili9341_reginit  lcd.o
    0x080078d4   0x080078d4   0x00000ef2   Code   RO         4050    i.lcd_ex_nt35310_reginit  lcd.o
    0x080087c6   0x080087c6   0x00000efc   Code   RO         4051    i.lcd_ex_nt35510_reginit  lcd.o
    0x080096c2   0x080096c2   0x0000016e   Code   RO         4052    i.lcd_ex_ssd1963_reginit  lcd.o
    0x08009830   0x08009830   0x000001a8   Code   RO         4053    i.lcd_ex_st7789_reginit  lcd.o
    0x080099d8   0x080099d8   0x00000054   Code   RO         4054    i.lcd_fill          lcd.o
    0x08009a2c   0x08009a2c   0x00000424   Code   RO         4056    i.lcd_init          lcd.o
    0x08009e50   0x08009e50   0x00000014   Code   RO         4059    i.lcd_rd_data       lcd.o
    0x08009e64   0x08009e64   0x00000230   Code   RO         4061    i.lcd_scan_dir      lcd.o
    0x0800a094   0x0800a094   0x00000120   Code   RO         4062    i.lcd_set_cursor    lcd.o
    0x0800a1b4   0x0800a1b4   0x00000140   Code   RO         4064    i.lcd_show_char     lcd.o
    0x0800a2f4   0x0800a2f4   0x0000006a   Code   RO         4066    i.lcd_show_string   lcd.o
    0x0800a35e   0x0800a35e   0x00000002   PAD
    0x0800a360   0x0800a360   0x00000060   Code   RO         4068    i.lcd_ssd_backlight_set  lcd.o
    0x0800a3c0   0x0800a3c0   0x00000018   Code   RO         4069    i.lcd_wr_data       lcd.o
    0x0800a3d8   0x0800a3d8   0x00000018   Code   RO         4070    i.lcd_wr_regno      lcd.o
    0x0800a3f0   0x0800a3f0   0x00000014   Code   RO         4071    i.lcd_write_ram_prepare  lcd.o
    0x0800a404   0x0800a404   0x00000014   Code   RO         4072    i.lcd_write_reg     lcd.o
    0x0800a418   0x0800a418   0x00000098   Code   RO         4014    i.led_init          led.o
    0x0800a4b0   0x0800a4b0   0x00000020   Code   RO          579    i.led_task          freertos_demo.o
    0x0800a4d0   0x0800a4d0   0x000000bc   Code   RO         8596    i.low_level_init    ethernetif.o
    0x0800a58c   0x0800a58c   0x000000fc   Code   RO         8597    i.low_level_input   ethernetif.o
    0x0800a688   0x0800a688   0x000000e8   Code   RO         8598    i.low_level_output  ethernetif.o
    0x0800a770   0x0800a770   0x0000005a   Code   RO         8678    i.lwip_comm_default_ip_set  lwip_comm.o
    0x0800a7ca   0x0800a7ca   0x00000002   PAD
    0x0800a7cc   0x0800a7cc   0x000000f4   Code   RO         8679    i.lwip_comm_init    lwip_comm.o
    0x0800a8c0   0x0800a8c0   0x00000050   Code   RO         7723    i.lwip_cyclic_timer  timeouts.o
    0x0800a910   0x0800a910   0x00000030   Code   RO          580    i.lwip_demo_task    freertos_demo.o
    0x0800a940   0x0800a940   0x0000001a   Code   RO         6124    i.lwip_htonl        def.o
    0x0800a95a   0x0800a95a   0x0000000c   Code   RO         6125    i.lwip_htons        def.o
    0x0800a966   0x0800a966   0x00000002   PAD
    0x0800a968   0x0800a968   0x00000044   Code   RO         6398    i.lwip_init         init.o
    0x0800a9ac   0x0800a9ac   0x0000007c   Code   RO         8680    i.lwip_link_status_updated  lwip_comm.o
    0x0800aa28   0x0800aa28   0x00000080   Code   RO         8681    i.lwip_link_thread  lwip_comm.o
    0x0800aaa8   0x0800aaa8   0x00000470   Code   RO         8682    i.lwip_periodic_handle  lwip_comm.o
    0x0800af18   0x0800af18   0x00000030   Code   RO         8683    i.lwip_pkt_handle   lwip_comm.o
    0x0800af48   0x0800af48   0x0000005e   Code   RO         6333    i.lwip_standard_chksum  inet_chksum.o
    0x0800afa6   0x0800afa6   0x00000002   PAD
    0x0800afa8   0x0800afa8   0x000001d0   Code   RO          581    i.lwip_test_ui      freertos_demo.o
    0x0800b178   0x0800b178   0x00000058   Code   RO           13    i.main              main.o
    0x0800b1d0   0x0800b1d0   0x000001a4   Code   RO         6496    i.mem_free          mem.o
    0x0800b374   0x0800b374   0x00000094   Code   RO         6497    i.mem_init          mem.o
    0x0800b408   0x0800b408   0x00000058   Code   RO         6498    i.mem_link_valid    mem.o
    0x0800b460   0x0800b460   0x00000240   Code   RO         6499    i.mem_malloc        mem.o
    0x0800b6a0   0x0800b6a0   0x00000010   Code   RO         6500    i.mem_to_ptr        mem.o
    0x0800b6b0   0x0800b6b0   0x000001dc   Code   RO         6501    i.mem_trim          mem.o
    0x0800b88c   0x0800b88c   0x00000050   Code   RO         6579    i.memp_free         memp.o
    0x0800b8dc   0x0800b8dc   0x00000020   Code   RO         6581    i.memp_init         memp.o
    0x0800b8fc   0x0800b8fc   0x0000002c   Code   RO         6582    i.memp_init_pool    memp.o
    0x0800b928   0x0800b928   0x00000050   Code   RO         6583    i.memp_malloc       memp.o
    0x0800b978   0x0800b978   0x0000006c   Code   RO         4683    i.my_mem_free       malloc.o
    0x0800b9e4   0x0800b9e4   0x00000030   Code   RO         4684    i.my_mem_init       malloc.o
    0x0800ba14   0x0800ba14   0x000000a8   Code   RO         4685    i.my_mem_malloc     malloc.o
    0x0800babc   0x0800babc   0x00000040   Code   RO         4686    i.my_mem_perused    malloc.o
    0x0800bafc   0x0800bafc   0x00000014   Code   RO         4687    i.my_mem_set        malloc.o
    0x0800bb10   0x0800bb10   0x00000024   Code   RO         4688    i.myfree            malloc.o
    0x0800bb34   0x0800bb34   0x00000028   Code   RO         4689    i.mymalloc          malloc.o
    0x0800bb5c   0x0800bb5c   0x000001d4   Code   RO         6684    i.netif_add         netif.o
    0x0800bd30   0x0800bd30   0x00000018   Code   RO         6686    i.netif_do_ip_addr_changed  netif.o
    0x0800bd48   0x0800bd48   0x0000002a   Code   RO         6687    i.netif_do_set_gw   netif.o
    0x0800bd72   0x0800bd72   0x00000002   PAD
    0x0800bd74   0x0800bd74   0x00000078   Code   RO         6688    i.netif_do_set_ipaddr  netif.o
    0x0800bdec   0x0800bdec   0x0000002a   Code   RO         6689    i.netif_do_set_netmask  netif.o
    0x0800be16   0x0800be16   0x00000002   PAD
    0x0800be18   0x0800be18   0x00000028   Code   RO         6691    i.netif_get_by_index  netif.o
    0x0800be40   0x0800be40   0x00000002   Code   RO         6693    i.netif_init        netif.o
    0x0800be42   0x0800be42   0x00000002   PAD
    0x0800be44   0x0800be44   0x00000070   Code   RO         6695    i.netif_issue_reports  netif.o
    0x0800beb4   0x0800beb4   0x00000008   Code   RO         6697    i.netif_null_output_ip4  netif.o
    0x0800bebc   0x0800bebc   0x00000060   Code   RO         6699    i.netif_set_addr    netif.o
    0x0800bf1c   0x0800bf1c   0x00000010   Code   RO         6700    i.netif_set_default  netif.o
    0x0800bf2c   0x0800bf2c   0x00000064   Code   RO         6701    i.netif_set_down    netif.o
    0x0800bf90   0x0800bf90   0x00000006   Code   RO         6704    i.netif_set_link_callback  netif.o
    0x0800bf96   0x0800bf96   0x00000002   PAD
    0x0800bf98   0x0800bf98   0x00000068   Code   RO         6705    i.netif_set_link_down  netif.o
    0x0800c000   0x0800c000   0x00000074   Code   RO         6706    i.netif_set_link_up  netif.o
    0x0800c074   0x0800c074   0x00000058   Code   RO         6708    i.netif_set_up      netif.o
    0x0800c0cc   0x0800c0cc   0x00000012   Code   RO         6876    i.pbuf_add_header   pbuf.o
    0x0800c0de   0x0800c0de   0x00000002   PAD
    0x0800c0e0   0x0800c0e0   0x00000090   Code   RO         6878    i.pbuf_add_header_impl  pbuf.o
    0x0800c170   0x0800c170   0x0000022c   Code   RO         6879    i.pbuf_alloc        pbuf.o
    0x0800c39c   0x0800c39c   0x00000060   Code   RO         6880    i.pbuf_alloc_reference  pbuf.o
    0x0800c3fc   0x0800c3fc   0x0000005a   Code   RO         6881    i.pbuf_alloced_custom  pbuf.o
    0x0800c456   0x0800c456   0x00000002   PAD
    0x0800c458   0x0800c458   0x000000dc   Code   RO         6882    i.pbuf_cat          pbuf.o
    0x0800c534   0x0800c534   0x0000001a   Code   RO         6883    i.pbuf_chain        pbuf.o
    0x0800c54e   0x0800c54e   0x00000012   Code   RO         6884    i.pbuf_clen         pbuf.o
    0x0800c560   0x0800c560   0x00000050   Code   RO         6885    i.pbuf_clone        pbuf.o
    0x0800c5b0   0x0800c5b0   0x0000004c   Code   RO         6887    i.pbuf_copy         pbuf.o
    0x0800c5fc   0x0800c5fc   0x000000d8   Code   RO         6888    i.pbuf_copy_partial  pbuf.o
    0x0800c6d4   0x0800c6d4   0x00000248   Code   RO         6889    i.pbuf_copy_partial_pbuf  pbuf.o
    0x0800c91c   0x0800c91c   0x00000138   Code   RO         6891    i.pbuf_free         pbuf.o
    0x0800ca54   0x0800ca54   0x00000012   Code   RO         6896    i.pbuf_header_force  pbuf.o
    0x0800ca66   0x0800ca66   0x00000022   Code   RO         6897    i.pbuf_header_impl  pbuf.o
    0x0800ca88   0x0800ca88   0x0000001e   Code   RO         6898    i.pbuf_init_alloced_pbuf  pbuf.o
    0x0800caa6   0x0800caa6   0x0000002a   Code   RO         6901    i.pbuf_put_at       pbuf.o
    0x0800cad0   0x0800cad0   0x000000f0   Code   RO         6902    i.pbuf_realloc      pbuf.o
    0x0800cbc0   0x0800cbc0   0x00000048   Code   RO         6903    i.pbuf_ref          pbuf.o
    0x0800cc08   0x0800cc08   0x00000090   Code   RO         6904    i.pbuf_remove_header  pbuf.o
    0x0800cc98   0x0800cc98   0x0000001c   Code   RO         6905    i.pbuf_skip         pbuf.o
    0x0800ccb4   0x0800ccb4   0x00000022   Code   RO         6906    i.pbuf_skip_const   pbuf.o
    0x0800ccd6   0x0800ccd6   0x00000002   PAD
    0x0800ccd8   0x0800ccd8   0x00000144   Code   RO         6908    i.pbuf_take         pbuf.o
    0x0800ce1c   0x0800ce1c   0x000000a8   Code   RO         6909    i.pbuf_take_at      pbuf.o
    0x0800cec4   0x0800cec4   0x00000160   Code   RO         6502    i.plug_holes        mem.o
    0x0800d024   0x0800d024   0x000000cc   Code   RO         9621    i.prvAddCurrentTaskToDelayedList  tasks.o
    0x0800d0f0   0x0800d0f0   0x000000ec   Code   RO         9622    i.prvAddNewTaskToReadyList  tasks.o
    0x0800d1dc   0x0800d1dc   0x00000064   Code   RO        10046    i.prvCheckForValidListAndQueue  timers.o
    0x0800d240   0x0800d240   0x00000048   Code   RO         9623    i.prvCheckTasksWaitingTermination  tasks.o
    0x0800d288   0x0800d288   0x0000002a   Code   RO         9184    i.prvCopyDataFromQueue  queue.o
    0x0800d2b2   0x0800d2b2   0x0000007e   Code   RO         9185    i.prvCopyDataToQueue  queue.o
    0x0800d330   0x0800d330   0x00000012   Code   RO         9624    i.prvDeleteTCB      tasks.o
    0x0800d342   0x0800d342   0x00000014   Code   RO         9186    i.prvGetDisinheritPriorityAfterTimeout  queue.o
    0x0800d356   0x0800d356   0x00000002   PAD
    0x0800d358   0x0800d358   0x00000028   Code   RO        10047    i.prvGetNextExpireTime  timers.o
    0x0800d380   0x0800d380   0x0000007c   Code   RO        10220    i.prvHeapInit       heap_4.o
    0x0800d3fc   0x0800d3fc   0x00000028   Code   RO         9625    i.prvIdleTask       tasks.o
    0x0800d424   0x0800d424   0x0000001e   Code   RO         9187    i.prvInitialiseMutex  queue.o
    0x0800d442   0x0800d442   0x0000002e   Code   RO         9188    i.prvInitialiseNewQueue  queue.o
    0x0800d470   0x0800d470   0x00000104   Code   RO         9626    i.prvInitialiseNewTask  tasks.o
    0x0800d574   0x0800d574   0x00000068   Code   RO         9627    i.prvInitialiseTaskLists  tasks.o
    0x0800d5dc   0x0800d5dc   0x00000068   Code   RO        10221    i.prvInsertBlockIntoFreeList  heap_4.o
    0x0800d644   0x0800d644   0x00000058   Code   RO        10049    i.prvInsertTimerInActiveList  timers.o
    0x0800d69c   0x0800d69c   0x0000001a   Code   RO         9189    i.prvIsQueueEmpty   queue.o
    0x0800d6b6   0x0800d6b6   0x0000001e   Code   RO         9190    i.prvIsQueueFull    queue.o
    0x0800d6d4   0x0800d6d4   0x000000c4   Code   RO         9191    i.prvNotifyQueueSetContainer  queue.o
    0x0800d798   0x0800d798   0x00000044   Code   RO        10050    i.prvProcessExpiredTimer  timers.o
    0x0800d7dc   0x0800d7dc   0x0000016c   Code   RO        10051    i.prvProcessReceivedCommands  timers.o
    0x0800d948   0x0800d948   0x00000074   Code   RO        10052    i.prvProcessTimerOrBlockTask  timers.o
    0x0800d9bc   0x0800d9bc   0x00000028   Code   RO        10053    i.prvReloadTimer    timers.o
    0x0800d9e4   0x0800d9e4   0x00000030   Code   RO         9629    i.prvResetNextTaskUnblockTime  tasks.o
    0x0800da14   0x0800da14   0x0000002c   Code   RO        10054    i.prvSampleTimeNow  timers.o
    0x0800da40   0x0800da40   0x00000044   Code   RO        10055    i.prvSwitchTimerLists  timers.o
    0x0800da84   0x0800da84   0x00000080   Code   RO        10288    i.prvTaskExitError  port.o
    0x0800db04   0x0800db04   0x0000001a   Code   RO        10056    i.prvTimerTask      timers.o
    0x0800db1e   0x0800db1e   0x00000090   Code   RO         9192    i.prvUnlockQueue    queue.o
    0x0800dbae   0x0800dbae   0x00000002   PAD
    0x0800dbb0   0x0800dbb0   0x00000010   Code   RO         6503    i.ptr_to_mem        mem.o
    0x0800dbc0   0x0800dbc0   0x00000194   Code   RO        10222    i.pvPortMalloc      heap_4.o
    0x0800dd54   0x0800dd54   0x00000020   Code   RO         9634    i.pvTaskIncrementMutexHeldCount  tasks.o
    0x0800dd74   0x0800dd74   0x0000002c   Code   RO        10289    i.pxPortInitialiseStack  port.o
    0x0800dda0   0x0800dda0   0x00000006   Code   RO         4455    i.read_addr         usmart.o
    0x0800dda6   0x0800dda6   0x00000002   PAD
    0x0800dda8   0x0800dda8   0x000001f0   Code   RO         4318    i.sram_init         sram.o
    0x0800df98   0x0800df98   0x00000180   Code   RO          582    i.start_task        freertos_demo.o
    0x0800e118   0x0800e118   0x000000bc   Code   RO         8823    i.sys_arch_mbox_fetch  sys_arch.o
    0x0800e1d4   0x0800e1d4   0x0000000a   Code   RO         8826    i.sys_arch_protect  sys_arch.o
    0x0800e1de   0x0800e1de   0x0000000a   Code   RO         8828    i.sys_arch_unprotect  sys_arch.o
    0x0800e1e8   0x0800e1e8   0x00000054   Code   RO         7724    i.sys_check_timeouts  timeouts.o
    0x0800e23c   0x0800e23c   0x00000002   Code   RO         8829    i.sys_init          sys_arch.o
    0x0800e23e   0x0800e23e   0x00000002   PAD
    0x0800e240   0x0800e240   0x00000060   Code   RO         8832    i.sys_mbox_new      sys_arch.o
    0x0800e2a0   0x0800e2a0   0x0000008c   Code   RO         8834    i.sys_mbox_trypost  sys_arch.o
    0x0800e32c   0x0800e32c   0x00000088   Code   RO         8837    i.sys_mutex_lock    sys_arch.o
    0x0800e3b4   0x0800e3b4   0x0000003c   Code   RO         8838    i.sys_mutex_new     sys_arch.o
    0x0800e3f0   0x0800e3f0   0x00000084   Code   RO         8839    i.sys_mutex_unlock  sys_arch.o
    0x0800e474   0x0800e474   0x00000008   Code   RO         8840    i.sys_now           sys_arch.o
    0x0800e47c   0x0800e47c   0x000000cc   Code   RO          717    i.sys_stm32_clock_init  sys.o
    0x0800e548   0x0800e548   0x00000084   Code   RO         8844    i.sys_thread_new    sys_arch.o
    0x0800e5cc   0x0800e5cc   0x0000006c   Code   RO         7726    i.sys_timeout       timeouts.o
    0x0800e638   0x0800e638   0x000000dc   Code   RO         7727    i.sys_timeout_abs   timeouts.o
    0x0800e714   0x0800e714   0x00000028   Code   RO         7728    i.sys_timeouts_init  timeouts.o
    0x0800e73c   0x0800e73c   0x00000068   Code   RO         7729    i.sys_timeouts_sleeptime  timeouts.o
    0x0800e7a4   0x0800e7a4   0x00000164   Code   RO         7154    i.tcp_abandon       tcp.o
    0x0800e908   0x0800e908   0x0000000e   Code   RO         7155    i.tcp_abort         tcp.o
    0x0800e916   0x0800e916   0x00000002   PAD
    0x0800e918   0x0800e918   0x000000d0   Code   RO         7158    i.tcp_alloc         tcp.o
    0x0800e9e8   0x0800e9e8   0x00000054   Code   RO         7162    i.tcp_close         tcp.o
    0x0800ea3c   0x0800ea3c   0x000001a4   Code   RO         7163    i.tcp_close_shutdown  tcp.o
    0x0800ebe0   0x0800ebe0   0x00000088   Code   RO         7164    i.tcp_close_shutdown_fin  tcp.o
    0x0800ec68   0x0800ec68   0x00000170   Code   RO         7563    i.tcp_create_segment  tcp_out.o
    0x0800edd8   0x0800edd8   0x00000070   Code   RO         7167    i.tcp_eff_send_mss_netif  tcp.o
    0x0800ee48   0x0800ee48   0x00000240   Code   RO         7564    i.tcp_enqueue_flags  tcp_out.o
    0x0800f088   0x0800f088   0x000000a4   Code   RO         7169    i.tcp_fasttmr       tcp.o
    0x0800f12c   0x0800f12c   0x00000038   Code   RO         7170    i.tcp_free          tcp.o
    0x0800f164   0x0800f164   0x000000fc   Code   RO         7479    i.tcp_free_acked_segments  tcp_in.o
    0x0800f260   0x0800f260   0x00000040   Code   RO         7171    i.tcp_free_listen   tcp.o
    0x0800f2a0   0x0800f2a0   0x00000048   Code   RO         7480    i.tcp_get_next_optbyte  tcp_in.o
    0x0800f2e8   0x0800f2e8   0x00000038   Code   RO         7172    i.tcp_handle_closepend  tcp.o
    0x0800f320   0x0800f320   0x00000018   Code   RO         7173    i.tcp_init          tcp.o
    0x0800f338   0x0800f338   0x000007a0   Code   RO         7481    i.tcp_input         tcp_in.o
    0x0800fad8   0x0800fad8   0x00000084   Code   RO         7482    i.tcp_input_delayed_close  tcp_in.o
    0x0800fb5c   0x0800fb5c   0x0000008c   Code   RO         7565    i.tcp_keepalive     tcp_out.o
    0x0800fbe8   0x0800fbe8   0x0000006c   Code   RO         7174    i.tcp_kill_prio     tcp.o
    0x0800fc54   0x0800fc54   0x00000074   Code   RO         7175    i.tcp_kill_state    tcp.o
    0x0800fcc8   0x0800fcc8   0x00000040   Code   RO         7176    i.tcp_kill_timewait  tcp.o
    0x0800fd08   0x0800fd08   0x0000006c   Code   RO         7177    i.tcp_listen_closed  tcp.o
    0x0800fd74   0x0800fd74   0x00000198   Code   RO         7483    i.tcp_listen_input  tcp_in.o
    0x0800ff0c   0x0800ff0c   0x0000004c   Code   RO         7180    i.tcp_netif_ip_addr_changed  tcp.o
    0x0800ff58   0x0800ff58   0x00000074   Code   RO         7181    i.tcp_netif_ip_addr_changed_pcblist  tcp.o
    0x0800ffcc   0x0800ffcc   0x0000004c   Code   RO         7185    i.tcp_next_iss      tcp.o
    0x08010018   0x08010018   0x00000300   Code   RO         7566    i.tcp_output        tcp_out.o
    0x08010318   0x08010318   0x00000074   Code   RO         7567    i.tcp_output_alloc_header  tcp_out.o
    0x0801038c   0x0801038c   0x000000c0   Code   RO         7568    i.tcp_output_alloc_header_common  tcp_out.o
    0x0801044c   0x0801044c   0x00000094   Code   RO         7569    i.tcp_output_control_segment  tcp_out.o
    0x080104e0   0x080104e0   0x000000b8   Code   RO         7570    i.tcp_output_fill_options  tcp_out.o
    0x08010598   0x08010598   0x000001d8   Code   RO         7571    i.tcp_output_segment  tcp_out.o
    0x08010770   0x08010770   0x0000004c   Code   RO         7572    i.tcp_output_segment_busy  tcp_out.o
    0x080107bc   0x080107bc   0x000000e4   Code   RO         7484    i.tcp_parseopt      tcp_in.o
    0x080108a0   0x080108a0   0x00000088   Code   RO         7186    i.tcp_pcb_purge     tcp.o
    0x08010928   0x08010928   0x00000128   Code   RO         7187    i.tcp_pcb_remove    tcp.o
    0x08010a50   0x08010a50   0x000006d4   Code   RO         7485    i.tcp_process       tcp_in.o
    0x08011124   0x08011124   0x000000dc   Code   RO         7189    i.tcp_process_refused_data  tcp.o
    0x08011200   0x08011200   0x0000074c   Code   RO         7486    i.tcp_receive       tcp_in.o
    0x0801194c   0x0801194c   0x00000060   Code   RO         7191    i.tcp_recv_null     tcp.o
    0x080119ac   0x080119ac   0x000000bc   Code   RO         7192    i.tcp_recved        tcp.o
    0x08011a68   0x08011a68   0x00000054   Code   RO         7193    i.tcp_remove_listener  tcp.o
    0x08011abc   0x08011abc   0x000000a0   Code   RO         7574    i.tcp_rexmit        tcp_out.o
    0x08011b5c   0x08011b5c   0x000000ac   Code   RO         7575    i.tcp_rexmit_fast   tcp_out.o
    0x08011c08   0x08011c08   0x00000040   Code   RO         7576    i.tcp_rexmit_rto    tcp_out.o
    0x08011c48   0x08011c48   0x00000054   Code   RO         7577    i.tcp_rexmit_rto_commit  tcp_out.o
    0x08011c9c   0x08011c9c   0x000000c4   Code   RO         7578    i.tcp_rexmit_rto_prepare  tcp_out.o
    0x08011d60   0x08011d60   0x0000001e   Code   RO         7579    i.tcp_route         tcp_out.o
    0x08011d7e   0x08011d7e   0x00000002   PAD
    0x08011d80   0x08011d80   0x000000c4   Code   RO         7580    i.tcp_rst           tcp_out.o
    0x08011e44   0x08011e44   0x0000001a   Code   RO         7194    i.tcp_seg_free      tcp.o
    0x08011e5e   0x08011e5e   0x00000018   Code   RO         7195    i.tcp_segs_free     tcp.o
    0x08011e76   0x08011e76   0x00000002   PAD
    0x08011e78   0x08011e78   0x000000e0   Code   RO         7581    i.tcp_send_empty_ack  tcp_out.o
    0x08011f58   0x08011f58   0x0000007c   Code   RO         7582    i.tcp_send_fin      tcp_out.o
    0x08011fd4   0x08011fd4   0x00000688   Code   RO         7199    i.tcp_slowtmr       tcp.o
    0x0801265c   0x0801265c   0x00000260   Code   RO         7583    i.tcp_split_unsent_seg  tcp_out.o
    0x080128bc   0x080128bc   0x00000038   Code   RO         7731    i.tcp_timer_needed  timeouts.o
    0x080128f4   0x080128f4   0x000000dc   Code   RO         7487    i.tcp_timewait_input  tcp_in.o
    0x080129d0   0x080129d0   0x00000024   Code   RO         7201    i.tcp_tmr           tcp.o
    0x080129f4   0x080129f4   0x00000014   Code   RO         7488    i.tcp_trigger_input_pcb_close  tcp_in.o
    0x08012a08   0x08012a08   0x000000b0   Code   RO         7203    i.tcp_update_rcv_ann_wnd  tcp.o
    0x08012ab8   0x08012ab8   0x00000120   Code   RO         7586    i.tcp_zero_window_probe  tcp_out.o
    0x08012bd8   0x08012bd8   0x000000c0   Code   RO         5924    i.tcpip_init        tcpip.o
    0x08012c98   0x08012c98   0x0000006c   Code   RO         5925    i.tcpip_inpkt       tcpip.o
    0x08012d04   0x08012d04   0x00000030   Code   RO         5926    i.tcpip_input       tcpip.o
    0x08012d34   0x08012d34   0x00000038   Code   RO         7732    i.tcpip_tcp_timer   timeouts.o
    0x08012d6c   0x08012d6c   0x00000074   Code   RO         5928    i.tcpip_thread      tcpip.o
    0x08012de0   0x08012de0   0x00000088   Code   RO         5929    i.tcpip_thread_handle_msg  tcpip.o
    0x08012e68   0x08012e68   0x00000060   Code   RO         5930    i.tcpip_timeouts_mbox_fetch  tcpip.o
    0x08012ec8   0x08012ec8   0x000000e8   Code   RO         7811    i.udp_bind          udp.o
    0x08012fb0   0x08012fb0   0x000000d4   Code   RO         7813    i.udp_connect       udp.o
    0x08013084   0x08013084   0x00000018   Code   RO         7815    i.udp_init          udp.o
    0x0801309c   0x0801309c   0x00000214   Code   RO         7816    i.udp_input         udp.o
    0x080132b0   0x080132b0   0x000000d0   Code   RO         7817    i.udp_input_local_match  udp.o
    0x08013380   0x08013380   0x00000030   Code   RO         7818    i.udp_netif_ip_addr_changed  udp.o
    0x080133b0   0x080133b0   0x0000001c   Code   RO         7819    i.udp_new           udp.o
    0x080133cc   0x080133cc   0x00000058   Code   RO         7821    i.udp_new_port      udp.o
    0x08013424   0x08013424   0x0000003c   Code   RO         7822    i.udp_recv          udp.o
    0x08013460   0x08013460   0x00000070   Code   RO         7823    i.udp_remove        udp.o
    0x080134d0   0x080134d0   0x000000e0   Code   RO         7825    i.udp_sendto        udp.o
    0x080135b0   0x080135b0   0x0000011c   Code   RO         7826    i.udp_sendto_if     udp.o
    0x080136cc   0x080136cc   0x00000248   Code   RO         7827    i.udp_sendto_if_src  udp.o
    0x08013914   0x08013914   0x00000038   Code   RO          791    i.usart_init        usart.o
    0x0801394c   0x0801394c   0x000000b0   Code   RO         4456    i.usmart_cmd_rec    usmart.o
    0x080139fc   0x080139fc   0x000002d4   Code   RO         4457    i.usmart_exe        usmart.o
    0x08013cd0   0x08013cd0   0x000000d4   Code   RO         4598    i.usmart_get_aparm  usmart_str.o
    0x08013da4   0x08013da4   0x00000036   Code   RO         4599    i.usmart_get_cmdname  usmart_str.o
    0x08013dda   0x08013dda   0x00000002   PAD
    0x08013ddc   0x08013ddc   0x000001c0   Code   RO         4600    i.usmart_get_fname  usmart_str.o
    0x08013f9c   0x08013f9c   0x0000010c   Code   RO         4601    i.usmart_get_fparam  usmart_str.o
    0x080140a8   0x080140a8   0x00000028   Code   RO         4548    i.usmart_get_input_string  usmart_port.o
    0x080140d0   0x080140d0   0x00000020   Code   RO         4602    i.usmart_get_parmpos  usmart_str.o
    0x080140f0   0x080140f0   0x00000028   Code   RO         4458    i.usmart_init       usmart.o
    0x08014118   0x08014118   0x00000016   Code   RO         4603    i.usmart_pow        usmart_str.o
    0x0801412e   0x0801412e   0x00000002   PAD
    0x08014130   0x08014130   0x000000a8   Code   RO         4459    i.usmart_scan       usmart.o
    0x080141d8   0x080141d8   0x00000016   Code   RO         4604    i.usmart_search_nextc  usmart_str.o
    0x080141ee   0x080141ee   0x00000106   Code   RO         4605    i.usmart_str2num    usmart_str.o
    0x080142f4   0x080142f4   0x00000022   Code   RO         4606    i.usmart_strcmp     usmart_str.o
    0x08014316   0x08014316   0x00000016   Code   RO         4607    i.usmart_strcopy    usmart_str.o
    0x0801432c   0x0801432c   0x00000018   Code   RO         4608    i.usmart_strlen     usmart_str.o
    0x08014344   0x08014344   0x000006f4   Code   RO         4460    i.usmart_sys_cmd_exe  usmart.o
    0x08014a38   0x08014a38   0x00000044   Code   RO         4549    i.usmart_timx_get_time  usmart_port.o
    0x08014a7c   0x08014a7c   0x00000064   Code   RO         4550    i.usmart_timx_init  usmart_port.o
    0x08014ae0   0x08014ae0   0x00000034   Code   RO         4551    i.usmart_timx_reset_time  usmart_port.o
    0x08014b14   0x08014b14   0x00000028   Code   RO         9135    i.uxListRemove      list.o
    0x08014b3c   0x08014b3c   0x0000001a   Code   RO         9136    i.vListInitialise   list.o
    0x08014b56   0x08014b56   0x00000006   Code   RO         9137    i.vListInitialiseItem  list.o
    0x08014b5c   0x08014b5c   0x00000034   Code   RO         9138    i.vListInsert       list.o
    0x08014b90   0x08014b90   0x00000018   Code   RO         9139    i.vListInsertEnd    list.o
    0x08014ba8   0x08014ba8   0x00000098   Code   RO        10291    i.vPortEnterCritical  port.o
    0x08014c40   0x08014c40   0x00000080   Code   RO        10292    i.vPortExitCritical  port.o
    0x08014cc0   0x08014cc0   0x000000d8   Code   RO        10223    i.vPortFree         heap_4.o
    0x08014d98   0x08014d98   0x00000028   Code   RO        10293    i.vPortSetupTimerInterrupt  port.o
    0x08014dc0   0x08014dc0   0x000000b0   Code   RO        10294    i.vPortValidateInterruptPriority  port.o
    0x08014e70   0x08014e70   0x0000008c   Code   RO         9198    i.vQueueAddToRegistry  queue.o
    0x08014efc   0x08014efc   0x0000004a   Code   RO         9202    i.vQueueWaitForMessageRestricted  queue.o
    0x08014f46   0x08014f46   0x00000002   PAD
    0x08014f48   0x08014f48   0x00000084   Code   RO         9644    i.vTaskDelay        tasks.o
    0x08014fcc   0x08014fcc   0x00000124   Code   RO         9645    i.vTaskDelete       tasks.o
    0x080150f0   0x080150f0   0x00000018   Code   RO         9649    i.vTaskInternalSetTimeOutState  tasks.o
    0x08015108   0x08015108   0x0000000c   Code   RO         9651    i.vTaskMissedYield  tasks.o
    0x08015114   0x08015114   0x00000064   Code   RO         9652    i.vTaskPlaceOnEventList  tasks.o
    0x08015178   0x08015178   0x0000008c   Code   RO         9653    i.vTaskPlaceOnEventListRestricted  tasks.o
    0x08015204   0x08015204   0x00000138   Code   RO         9655    i.vTaskPriorityDisinheritAfterTimeout  tasks.o
    0x0801533c   0x0801533c   0x000000c4   Code   RO         9661    i.vTaskStartScheduler  tasks.o
    0x08015400   0x08015400   0x00000010   Code   RO         9663    i.vTaskSuspendAll   tasks.o
    0x08015410   0x08015410   0x000000b8   Code   RO         9664    i.vTaskSwitchContext  tasks.o
    0x080154c8   0x080154c8   0x00000004   Code   RO         4461    i.write_addr        usmart.o
    0x080154cc   0x080154cc   0x000001ac   Code   RO        10295    i.xPortStartScheduler  port.o
    0x08015678   0x08015678   0x00000034   Code   RO        10296    i.xPortSysTickHandler  port.o
    0x080156ac   0x080156ac   0x00000022   Code   RO         9205    i.xQueueCreateMutex  queue.o
    0x080156ce   0x080156ce   0x00000002   PAD
    0x080156d0   0x080156d0   0x00000090   Code   RO         9207    i.xQueueGenericCreate  queue.o
    0x08015760   0x08015760   0x000000fc   Code   RO         9208    i.xQueueGenericReset  queue.o
    0x0801585c   0x0801585c   0x000001e4   Code   RO         9209    i.xQueueGenericSend  queue.o
    0x08015a40   0x08015a40   0x00000124   Code   RO         9211    i.xQueueGiveFromISR  queue.o
    0x08015b64   0x08015b64   0x00000074   Code   RO         9212    i.xQueueGiveMutexRecursive  queue.o
    0x08015bd8   0x08015bd8   0x00000180   Code   RO         9217    i.xQueueReceive     queue.o
    0x08015d58   0x08015d58   0x000001c4   Code   RO         9222    i.xQueueSemaphoreTake  queue.o
    0x08015f1c   0x08015f1c   0x00000078   Code   RO         9223    i.xQueueTakeMutexRecursive  queue.o
    0x08015f94   0x08015f94   0x000000cc   Code   RO         9667    i.xTaskCheckForTimeOut  tasks.o
    0x08016060   0x08016060   0x00000060   Code   RO         9668    i.xTaskCreate       tasks.o
    0x080160c0   0x080160c0   0x0000000c   Code   RO         9674    i.xTaskGetCurrentTaskHandle  tasks.o
    0x080160cc   0x080160cc   0x00000020   Code   RO         9677    i.xTaskGetSchedulerState  tasks.o
    0x080160ec   0x080160ec   0x0000000c   Code   RO         9678    i.xTaskGetTickCount  tasks.o
    0x080160f8   0x080160f8   0x000001e8   Code   RO         9680    i.xTaskIncrementTick  tasks.o
    0x080162e0   0x080162e0   0x00000110   Code   RO         9681    i.xTaskPriorityDisinherit  tasks.o
    0x080163f0   0x080163f0   0x000000ec   Code   RO         9682    i.xTaskPriorityInherit  tasks.o
    0x080164dc   0x080164dc   0x0000014c   Code   RO         9683    i.xTaskRemoveFromEventList  tasks.o
    0x08016628   0x08016628   0x000001a0   Code   RO         9684    i.xTaskResumeAll    tasks.o
    0x080167c8   0x080167c8   0x00000080   Code   RO        10064    i.xTimerCreateTimerTask  timers.o
    0x08016848   0x08016848   0x00000018   Data   RO          543    .constdata          system_stm32f4xx.o
    0x08016860   0x08016860   0x00002f80   Data   RO         4074    .constdata          lcd.o
    0x080197e0   0x080197e0   0x00000024   Data   RO         4696    .constdata          malloc.o
    0x08019804   0x08019804   0x00000118   Data   RO         6586    .constdata          memp.o
    0x0801991c   0x0801991c   0x00000050   Data   RO         7204    .constdata          tcp.o
    0x0801996c   0x0801996c   0x00000034   Data   RO         7733    .constdata          timeouts.o
    0x080199a0   0x080199a0   0x00000008   Data   RO         8413    .constdata          ip4_addr.o
    0x080199a8   0x080199a8   0x0000000c   Data   RO         8557    .constdata          ethernet_1.o
    0x080199b4   0x080199b4   0x00000028   Data   RO         4462    .conststring        usmart.o
    0x080199dc   0x080199dc   0x000000dc   Data   RO         4522    .conststring        usmart_config.o
    0x08019ab8   0x08019ab8   0x00000041   Data   RO         6399    .conststring        init.o
    0x08019af9   0x08019af9   0x00000003   PAD
    0x08019afc   0x08019afc   0x000000a0   Data   RO         6587    .conststring        memp.o
    0x08019b9c   0x08019b9c   0x0000006d   Data   RO         7205    .conststring        tcp.o
    0x08019c09   0x08019c09   0x00000003   PAD
    0x08019c0c   0x08019c0c   0x00000055   Data   RO         7587    .conststring        tcp_out.o
    0x08019c61   0x08019c61   0x00000003   PAD
    0x08019c64   0x08019c64   0x00000042   Data   RO         7997    .conststring        dhcp.o
    0x08019ca6   0x08019ca6   0x00000002   PAD
    0x08019ca8   0x08019ca8   0x00000041   Data   RO         8201    .conststring        etharp.o
    0x08019ce9   0x08019ce9   0x00000003   PAD
    0x08019cec   0x08019cec   0x00000020   Data   RO        10750    Region$$Table       anon$$obj.o


    Execution Region RW_IRAM1 (Exec base: 0x20000000, Load base: 0x08019d0c, Size: 0x0001f948, Max: 0x00020000, ABSOLUTE, COMPRESSED[0x00000098])

    Exec Addr    Load Addr    Size         Type   Attr      Idx    E Section Name        Object

    0x20000000   COMPRESSED   0x00000004   Data   RW          544    .data               system_stm32f4xx.o
    0x20000004   COMPRESSED   0x0000000c   Data   RW          583    .data               freertos_demo.o
    0x20000010   COMPRESSED   0x00000004   Data   RW          671    .data               delay.o
    0x20000014   COMPRESSED   0x00000007   Data   RW          793    .data               usart.o
    0x2000001b   COMPRESSED   0x00000001   PAD
    0x2000001c   COMPRESSED   0x00000009   Data   RW          888    .data               stm32f4xx_hal.o
    0x20000025   COMPRESSED   0x00000003   PAD
    0x20000028   COMPRESSED   0x00000008   Data   RW         4075    .data               lcd.o
    0x20000030   COMPRESSED   0x00000010   Data   RW         4382    .data               ethernet.o
    0x20000040   COMPRESSED   0x0000001c   Data   RW         4463    .data               usmart.o
    0x2000005c   COMPRESSED   0x00000124   Data   RW         4523    .data               usmart_config.o
    0x20000180   COMPRESSED   0x00000024   Data   RW         4697    .data               malloc.o
    0x200001a4   COMPRESSED   0x00000010   Data   RW         5932    .data               tcpip.o
    0x200001b4   COMPRESSED   0x0000000c   Data   RW         6200    .data               dns.o
    0x200001c0   COMPRESSED   0x00000010   Data   RW         6505    .data               mem.o
    0x200001d0   COMPRESSED   0x00000038   Data   RW         6588    .data               memp.o
    0x20000208   COMPRESSED   0x00000009   Data   RW         6709    .data               netif.o
    0x20000211   COMPRESSED   0x00000003   PAD
    0x20000214   COMPRESSED   0x00000020   Data   RW         7206    .data               tcp.o
    0x20000234   COMPRESSED   0x00000028   Data   RW         7490    .data               tcp_in.o
    0x2000025c   COMPRESSED   0x0000000c   Data   RW         7734    .data               timeouts.o
    0x20000268   COMPRESSED   0x00000008   Data   RW         7828    .data               udp.o
    0x20000270   COMPRESSED   0x00000010   Data   RW         7998    .data               dhcp.o
    0x20000280   COMPRESSED   0x00000001   Data   RW         8202    .data               etharp.o
    0x20000281   COMPRESSED   0x00000001   PAD
    0x20000282   COMPRESSED   0x00000002   Data   RW         8357    .data               ip4.o
    0x20000284   COMPRESSED   0x00000006   Data   RW         8485    .data               ip4_frag.o
    0x2000028a   COMPRESSED   0x00000002   PAD
    0x2000028c   COMPRESSED   0x00000004   Data   RW         8599    .data               ethernetif.o
    0x20000290   COMPRESSED   0x00000001   Data   RW         8685    .data               lwip_comm.o
    0x20000291   COMPRESSED   0x00000003   PAD
    0x20000294   COMPRESSED   0x00000040   Data   RW         9687    .data               tasks.o
    0x200002d4   COMPRESSED   0x00000014   Data   RW        10073    .data               timers.o
    0x200002e8   COMPRESSED   0x00000020   Data   RW        10229    .data               heap_4.o
    0x20000308   COMPRESSED   0x0000000c   Data   RW        10297    .data               port.o
    0x20000314   COMPRESSED   0x00000004   Data   RW        10409    .data               mc_w.l(rand.o)
    0x20000318        -       0x0000010c   Zero   RW          792    .bss                usart.o
    0x20000424        -       0x0000005e   Zero   RW         4073    .bss                lcd.o
    0x20000482   COMPRESSED   0x00000002   PAD
    0x20000484        -       0x00000050   Zero   RW         4323    .bss                sram.o
    0x200004d4        -       0x00000048   Zero   RW         4381    .bss                ethernet.o
    0x2000051c        -       0x00000048   Zero   RW         4552    .bss                usmart_port.o
    0x20000564   COMPRESSED   0x0000001c   PAD
    0x20000580        -       0x00007f80   Zero   RW         4695    .bss                malloc.o
    0x20008500        -       0x00000480   Zero   RW         6198    .bss                dns.o
    0x20008980        -       0x00000018   Zero   RW         6471    .bss                ip.o
    0x20008998        -       0x00006413   Zero   RW         6504    .bss                mem.o
    0x2000edab        -       0x00008aae   Zero   RW         6585    .bss                memp.o
    0x20017859   COMPRESSED   0x00000003   PAD
    0x2001785c        -       0x00000014   Zero   RW         7489    .bss                tcp_in.o
    0x20017870        -       0x00000032   Zero   RW         7996    .bss                dhcp.o
    0x200178a2   COMPRESSED   0x00000002   PAD
    0x200178a4        -       0x000000f0   Zero   RW         8200    .bss                etharp.o
    0x20017994        -       0x00000010   Zero   RW         8412    .bss                ip4_addr.o
    0x200179a4        -       0x00000054   Zero   RW         8684    .bss                lwip_comm.o
    0x200179f8        -       0x00000040   Zero   RW         9224    .bss                queue.o
    0x20017a38        -       0x000002e4   Zero   RW         9686    .bss                tasks.o
    0x20017d1c        -       0x00000028   Zero   RW        10072    .bss                timers.o
    0x20017d44        -       0x00007800   Zero   RW        10228    .bss                heap_4.o
    0x2001f544   COMPRESSED   0x00000004   PAD
    0x2001f548        -       0x00000400   Zero   RW            1    STACK               startup_stm32f407xx.o



  Load Region LR$$.ARM.__AT_0x10000000 (Base: 0x10000000, Size: 0x00000000, Max: 0x0000f000, ABSOLUTE)

    Execution Region ER$$.ARM.__AT_0x10000000 (Exec base: 0x10000000, Load base: 0x10000000, Size: 0x0000f000, Max: 0x0000f000, ABSOLUTE, UNINIT)

    Exec Addr    Load Addr    Size         Type   Attr      Idx    E Section Name        Object

    0x10000000        -       0x0000f000   Zero   RW         4691    .ARM.__AT_0x10000000  malloc.o



  Load Region LR$$.ARM.__AT_0x1000F000 (Base: 0x1000f000, Size: 0x00000000, Max: 0x00000f00, ABSOLUTE)

    Execution Region ER$$.ARM.__AT_0x1000F000 (Exec base: 0x1000f000, Load base: 0x1000f000, Size: 0x00000f00, Max: 0x00000f00, ABSOLUTE, UNINIT)

    Exec Addr    Load Addr    Size         Type   Attr      Idx    E Section Name        Object

    0x1000f000        -       0x00000f00   Zero   RW         4692    .ARM.__AT_0x1000F000  malloc.o



  Load Region LR$$.ARM.__AT_0x68000000 (Base: 0x68000000, Size: 0x00000000, Max: 0x0007d000, ABSOLUTE)

    Execution Region ER$$.ARM.__AT_0x68000000 (Exec base: 0x68000000, Load base: 0x68000000, Size: 0x0007d000, Max: 0x0007d000, ABSOLUTE, UNINIT)

    Exec Addr    Load Addr    Size         Type   Attr      Idx    E Section Name        Object

    0x68000000        -       0x0007d000   Zero   RW         4693    .ARM.__AT_0x68000000  malloc.o



  Load Region LR$$.ARM.__AT_0x6807D000 (Base: 0x6807d000, Size: 0x00000000, Max: 0x00007d00, ABSOLUTE)

    Execution Region ER$$.ARM.__AT_0x6807D000 (Exec base: 0x6807d000, Load base: 0x6807d000, Size: 0x00007d00, Max: 0x00007d00, ABSOLUTE, UNINIT)

    Exec Addr    Load Addr    Size         Type   Attr      Idx    E Section Name        Object

    0x6807d000        -       0x00007d00   Zero   RW         4694    .ARM.__AT_0x6807D000  malloc.o


==============================================================================

Image component sizes


      Code (inc. data)   RO Data    RW Data    ZI Data      Debug   Object Name

         0          0          0          0          0      21535   api_lib.o
         0          0          0          0          0       6763   api_msg.o
        38          0          0          0          0       1218   def.o
       172          8          0          4          0       2829   delay.o
      6092        786         66         16         50      32036   dhcp.o
      1124        136          0         12       1152      16408   dns.o
         0          0          0          0          0       1752   err.o
      3208        530         65          1        240      12859   etharp.o
      1028         60          0         16         72       6248   ethernet.o
       380         58         12          0          0       2910   ethernet_1.o
       876         90          0          4          0      11262   ethernetif.o
         0          0          0          0          0      12296   event_groups.o
       976        332          0         12          0      18150   freertos_demo.o
       848        218          0         32      30720       4547   heap_4.o
       860        156          0          0          0       5178   icmp.o
         0          0          0          0          0       4175   if_api.o
       180          0          0          0          0       2278   inet_chksum.o
        68          4         65          0          0       1932   init.o
         0          0          0          0         24       3298   ip.o
      1106         90          0          2          0       6204   ip4.o
       266          4          8          0         16      10882   ip4_addr.o
      2738        494          0          6          0      13114   ip4_frag.o
       252         12          0          0          0       1199   key.o
     12182        166      12160          8         94      25921   lcd.o
       152         10          0          0          0       1047   led.o
       148          0          0          0          0       3766   list.o
      1770        504          0          1         84      24406   lwip_comm.o
        88          4          0          0          0     738311   main.o
       484         54         36         36     641920       7163   malloc.o
      2092        660          0         16      25619       9789   mem.o
       428        148        440         56      35502      11666   memp.o
         0          0          0          0          0       8076   netbuf.o
      1384        352          0          9          0      18374   netif.o
      3570       1080          0          0          0      21646   pbuf.o
      1338        472          0         12          0      11793   port.o
      3152        552          0          0         64      21919   queue.o
       496         30          0          0         80       1761   sram.o
        52         14        392          0       1024       1012   startup_stm32f407xx.o
       226         40          0          9          0      11046   stm32f4xx_hal.o
       344         22          0          0          0      35565   stm32f4xx_hal_cortex.o
       210          0          0          0          0       2143   stm32f4xx_hal_dma.o
      2870         52          0          0          0      17570   stm32f4xx_hal_eth.o
       548         46          0          0          0       3005   stm32f4xx_hal_gpio.o
      1820         84          0          0          0       6048   stm32f4xx_hal_rcc.o
        88          0          0          0          0       1332   stm32f4xx_hal_sram.o
       488         76          0          0          0       3560   stm32f4xx_hal_tim.o
      1816         16          0          0          0      11364   stm32f4xx_hal_uart.o
        20          0          0          0          0     599709   stm32f4xx_it.o
       232         10          0          0          0       2967   stm32f4xx_ll_fsmc.o
       204         12          0          0          0       1463   sys.o
       914        338          0          0          0       9898   sys_arch.o
        20          6         24          4          0       1519   system_stm32f4xx.o
      4522       1112          0         64        740      38879   tasks.o
      5312       1420        189         32          0      35576   tcp.o
      6900       1270          0         40         20      21975   tcp_in.o
      5186       1212         85          0          0      30310   tcp_out.o
       696        222          0         16          0       9819   tcpip.o
       748        216         52         12          0       8027   timeouts.o
      1082        214          0         20         40      12176   timers.o
      2636        764          0          8          0      13890   udp.o
       504         62          0          7        268       5549   usart.o
      2898       1308         40         28          0       6482   usmart.o
         0          0        220        292          0       1700   usmart_config.o
       328         50          0          0         72       3870   usmart_port.o
      1400         20          0          0          0      10069   usmart_str.o

    ----------------------------------------------------------------------
     89634      15596      13900        788     737840    2011234   Object Totals
         0          0         32          0          0          0   (incl. Generated)
        74          0         14         13         39          0   (incl. Padding)

    ----------------------------------------------------------------------

      Code (inc. data)   RO Data    RW Data    ZI Data      Debug   Library Member Name

        86          0          0          0          0          0   __dczerorl2.o
         0          0          0          0          0          0   entry.o
         0          0          0          0          0          0   entry10a.o
         0          0          0          0          0          0   entry11a.o
         8          4          0          0          0          0   entry2.o
         4          0          0          0          0          0   entry5.o
         0          0          0          0          0          0   entry7b.o
         0          0          0          0          0          0   entry8b.o
         8          4          0          0          0          0   entry9a.o
        30          0          0          0          0          0   handlers.o
        36          8          0          0          0         68   init.o
         0          0          0          0          0          0   iusefp.o
        30          0          0          0          0         68   llshl.o
        32          0          0          0          0         68   llushr.o
        26          0          0          0          0         80   memcmp.o
        64          0          0          0          0         76   memmovea.o
        36          0          0          0          0        108   memseta.o
      1204         60          0          0          0        504   printf8.o
        36         10          0          4          0        136   rand.o
        14          0          0          0          0         68   strlen.o
        98          0          0          0          0         92   uldiv.o
       186          0          0          0          0        176   depilogue.o
        50          0          0          0          0         76   dfixui.o
        26          0          0          0          0         76   dfltui.o
       228          0          0          0          0         96   dmul.o

    ----------------------------------------------------------------------
      2206         86          0          4          0       1692   Library Totals
         4          0          0          0          0          0   (incl. Padding)

    ----------------------------------------------------------------------

      Code (inc. data)   RO Data    RW Data    ZI Data      Debug   Library Name

      1712         86          0          4          0       1268   mc_w.l
       490          0          0          0          0        424   mf_w.l

    ----------------------------------------------------------------------
      2206         86          0          4          0       1692   Library Totals

    ----------------------------------------------------------------------

==============================================================================


      Code (inc. data)   RO Data    RW Data    ZI Data      Debug   

     91840      15682      13900        792     737840    1965378   Grand Totals
     91840      15682      13900        152     737840    1965378   ELF Image Totals (compressed)
     91840      15682      13900        152          0          0   ROM Totals

==============================================================================

    Total RO  Size (Code + RO Data)               105740 ( 103.26kB)
    Total RW  Size (RW Data + ZI Data)            738632 ( 721.32kB)
    Total ROM Size (Code + RO Data + RW Data)     105892 ( 103.41kB)

==============================================================================

