<html>
<body>
<pre>
<h1>礦ision Build Log</h1>
<h2>Tool Versions:</h2>
IDE-Version: μVision V5.35.0.0
Copyright (C) 2021 ARM Ltd and ARM Germany GmbH. All rights reserved.
License Information: Wu Yipeng, HUFT, LIC=585FJ-U4284-BSSYX-HCYFY-2YWSP-DAVZ6
 
Tool Versions:
Toolchain:       MDK-ARM Plus  Version: 5.35.0.2
Toolchain Path:  D:\keil\core\ARM\ARMCC\Bin
C Compiler:      Armcc.exe V5.06 update 6 (build 750)
Assembler:       Armasm.exe V5.06 update 6 (build 750)
Linker/Locator:  ArmLink.exe V5.06 update 6 (build 750)
Library Manager: ArmAr.exe V5.06 update 6 (build 750)
Hex Converter:   FromElf.exe V5.06 update 6 (build 750)
CPU DLL:         SARMCM3.DLL V5.35.0.2
Dialog DLL:      DCM.DLL V1.17.3.0
Target DLL:      STLink\ST-LINKIII-KEIL_SWO.dll V3.0.9.0
Dialog DLL:      TCM.DLL V1.53.0.0
 
<h2>Project:</h2>
C:\Users\WYP\Desktop\F407lwIP学习资料\myproject\lwIP例程6 lwIP_FreeRTOS移植\Projects\MDK-ARM\atk_f407.uvprojx
Project File Date:  03/12/2026

<h2>Output:</h2>
*** Using Compiler 'V5.06 update 6 (build 750)', folder: 'D:\keil\core\ARM\ARMCC\Bin'
Build target 'lwIP'
Note: source file '..\..\Middlewares\LWIP\src\core\sys.c' - object file renamed from '..\..\Output\sys.o' to '..\..\Output\sys_1.o'.
Note: source file '..\..\Middlewares\LWIP\src\netif\ethernet.c' - object file renamed from '..\..\Output\ethernet.o' to '..\..\Output\ethernet_1.o'.
compiling altcp_alloc.c...
compiling def.c...
compiling netifapi.c...
compiling tcpip.c...
compiling altcp_tcp.c...
compiling netdb.c...
compiling altcp.c...
compiling freertos_demo.c...
compiling api_lib.c...
compiling api_msg.c...
compiling err.c...
compiling if_api.c...
compiling inet_chksum.c...
compiling dns.c...
compiling netbuf.c...
compiling sockets.c...
compiling raw.c...
compiling mem.c...
compiling pbuf.c...
compiling sys.c...
compiling ip.c...
compiling init.c...
compiling stats.c...
compiling tcp.c...
compiling tcp_in.c...
compiling netif.c...
compiling timeouts.c...
compiling autoip.c...
compiling memp.c...
compiling dhcp.c...
compiling udp.c...
compiling tcp_out.c...
compiling igmp.c...
compiling icmp.c...
compiling ip4_frag.c...
compiling ip4.c...
compiling lwip_comm.c...
compiling ethernetif.c...
compiling ethernet.c...
compiling sys_arch.c...
compiling ip4_addr.c...
compiling etharp.c...
linking...
Program Size: Code=91840 RO-data=13900 RW-data=792 ZI-data=737840  
FromELF: creating hex file...
"..\..\Output\atk_f407.axf" - 0 Error(s), 0 Warning(s).

<h2>Software Packages used:</h2>

Package Vendor: Keil
                http://www.keil.com/pack/Keil.STM32F4xx_DFP.2.16.0.pack
                Keil.STM32F4xx_DFP.2.16.0
                STMicroelectronics STM32F4 Series Device Support, Drivers and Examples

<h2>Collection of Component include folders:</h2>
  D:\keil\pack\Keil\STM32F4xx_DFP\2.16.0\Drivers\CMSIS\Device\ST\STM32F4xx\Include

<h2>Collection of Component Files used:</h2>
Build Time Elapsed:  00:00:41
</pre>
</body>
</html>
